 
****************************************
Report : constraint
        -all_violators
Design : ORCA_TOP
Version: Q-2019.12-SP3
Date   : Wed May 17 13:22:59 2023
****************************************


   min_delay/hold ('SDRAM_CLK' group)

                             Required        Actual
   Endpoint                 Path Delay     Path Delay        Slack
   -----------------------------------------------------------------
   I_SDRAM_TOP/I_SDRAM_IF/mega_shift_0_reg_40__0_/D
                                0.13           0.12 r         0.00  (VIOLATED: increase significant digits)
   I_SDRAM_TOP/I_SDRAM_IF/mega_shift_0_reg_40__2_/D
                                0.13           0.12 r         0.00  (VIOLATED: increase significant digits)
   I_SDRAM_TOP/I_SDRAM_IF/mega_shift_0_reg_40__3_/D
                                0.13           0.12 r         0.00  (VIOLATED: increase significant digits)
   I_SDRAM_TOP/I_SDRAM_IF/mega_shift_0_reg_40__5_/D
                                0.13           0.12 r         0.00  (VIOLATED: increase significant digits)
   I_SDRAM_TOP/I_SDRAM_IF/mega_shift_0_reg_40__8_/D
                                0.13           0.12 r         0.00  (VIOLATED: increase significant digits)
   I_SDRAM_TOP/I_SDRAM_IF/mega_shift_0_reg_40__11_/D
                                0.13           0.12 r         0.00  (VIOLATED: increase significant digits)
   I_SDRAM_TOP/I_SDRAM_IF/mega_shift_0_reg_40__16_/D
                                0.13           0.12 r         0.00  (VIOLATED: increase significant digits)


   min_delay/hold ('SYS_2x_CLK' group)

                             Required        Actual
   Endpoint                 Path Delay     Path Delay        Slack
   -----------------------------------------------------------------
   I_RISC_CORE/I_REG_FILE_REG_FILE_A_RAM/A1[2]
                                0.20           0.15 f        -0.05  (VIOLATED)
   I_RISC_CORE/I_REG_FILE_REG_FILE_B_RAM/A1[2]
                                0.20           0.15 f        -0.05  (VIOLATED)
   I_RISC_CORE/I_REG_FILE_REG_FILE_C_RAM/A1[2]
                                0.20           0.15 f        -0.05  (VIOLATED)
   I_RISC_CORE/I_REG_FILE_REG_FILE_D_RAM/A1[2]
                                0.20           0.15 f        -0.05  (VIOLATED)
   I_RISC_CORE/I_REG_FILE_REG_FILE_A_RAM/A1[1]
                                0.20           0.15 f        -0.05  (VIOLATED)
   I_RISC_CORE/I_REG_FILE_REG_FILE_B_RAM/A1[1]
                                0.20           0.15 f        -0.05  (VIOLATED)
   I_RISC_CORE/I_REG_FILE_REG_FILE_C_RAM/A1[1]
                                0.20           0.15 f        -0.05  (VIOLATED)
   I_RISC_CORE/I_REG_FILE_REG_FILE_D_RAM/A1[1]
                                0.20           0.15 f        -0.05  (VIOLATED)
   I_RISC_CORE/I_REG_FILE_REG_FILE_A_RAM/A1[5]
                                0.20           0.15 f        -0.05  (VIOLATED)
   I_RISC_CORE/I_REG_FILE_REG_FILE_B_RAM/A1[5]
                                0.20           0.15 f        -0.05  (VIOLATED)
   I_RISC_CORE/I_REG_FILE_REG_FILE_C_RAM/A1[5]
                                0.20           0.15 f        -0.05  (VIOLATED)
   I_RISC_CORE/I_REG_FILE_REG_FILE_D_RAM/A1[5]
                                0.20           0.15 f        -0.05  (VIOLATED)
   I_RISC_CORE/I_REG_FILE_REG_FILE_A_RAM/A1[4]
                                0.20           0.15 f        -0.05  (VIOLATED)
   I_RISC_CORE/I_REG_FILE_REG_FILE_B_RAM/A1[4]
                                0.20           0.15 f        -0.05  (VIOLATED)
   I_RISC_CORE/I_REG_FILE_REG_FILE_C_RAM/A1[4]
                                0.20           0.15 f        -0.05  (VIOLATED)
   I_RISC_CORE/I_REG_FILE_REG_FILE_D_RAM/A1[4]
                                0.20           0.15 f        -0.05  (VIOLATED)
   I_RISC_CORE/I_REG_FILE_REG_FILE_A_RAM/A1[3]
                                0.20           0.15 f        -0.05  (VIOLATED)
   I_RISC_CORE/I_REG_FILE_REG_FILE_B_RAM/A1[3]
                                0.20           0.15 f        -0.05  (VIOLATED)
   I_RISC_CORE/I_REG_FILE_REG_FILE_C_RAM/A1[3]
                                0.20           0.15 f        -0.05  (VIOLATED)
   I_RISC_CORE/I_REG_FILE_REG_FILE_D_RAM/A1[3]
                                0.20           0.15 f        -0.05  (VIOLATED)
   I_RISC_CORE/I_REG_FILE_REG_FILE_A_RAM/A1[6]
                                0.20           0.15 f        -0.05  (VIOLATED)
   I_RISC_CORE/I_REG_FILE_REG_FILE_B_RAM/A1[6]
                                0.20           0.15 f        -0.05  (VIOLATED)
   I_RISC_CORE/I_REG_FILE_REG_FILE_C_RAM/A1[6]
                                0.20           0.15 f        -0.05  (VIOLATED)
   I_RISC_CORE/I_REG_FILE_REG_FILE_D_RAM/A1[6]
                                0.20           0.15 f        -0.05  (VIOLATED)
   I_RISC_CORE/I_REG_FILE_REG_FILE_A_RAM/A1[0]
                                0.20           0.15 f        -0.05  (VIOLATED)
   I_RISC_CORE/I_REG_FILE_REG_FILE_B_RAM/A1[0]
                                0.20           0.15 f        -0.05  (VIOLATED)
   I_RISC_CORE/I_REG_FILE_REG_FILE_C_RAM/A1[0]
                                0.20           0.15 f        -0.05  (VIOLATED)
   I_RISC_CORE/I_REG_FILE_REG_FILE_D_RAM/A1[0]
                                0.20           0.15 f        -0.05  (VIOLATED)
   I_RISC_CORE/I_REG_FILE_REG_FILE_B_RAM/A2[5]
                                0.20           0.15 f        -0.05  (VIOLATED)
   I_RISC_CORE/I_REG_FILE_REG_FILE_D_RAM/A2[5]
                                0.20           0.15 f        -0.05  (VIOLATED)
   I_RISC_CORE/I_REG_FILE_REG_FILE_B_RAM/A2[3]
                                0.20           0.15 f        -0.05  (VIOLATED)
   I_RISC_CORE/I_REG_FILE_REG_FILE_D_RAM/A2[3]
                                0.20           0.15 f        -0.05  (VIOLATED)
   I_RISC_CORE/I_REG_FILE_REG_FILE_B_RAM/A2[1]
                                0.20           0.15 f        -0.05  (VIOLATED)
   I_RISC_CORE/I_REG_FILE_REG_FILE_B_RAM/A2[2]
                                0.20           0.15 f        -0.05  (VIOLATED)
   I_RISC_CORE/I_REG_FILE_REG_FILE_B_RAM/A2[4]
                                0.20           0.15 f        -0.05  (VIOLATED)
   I_RISC_CORE/I_REG_FILE_REG_FILE_B_RAM/A2[6]
                                0.20           0.15 f        -0.05  (VIOLATED)
   I_RISC_CORE/I_REG_FILE_REG_FILE_D_RAM/A2[1]
                                0.20           0.15 f        -0.05  (VIOLATED)
   I_RISC_CORE/I_REG_FILE_REG_FILE_D_RAM/A2[2]
                                0.20           0.15 f        -0.05  (VIOLATED)
   I_RISC_CORE/I_REG_FILE_REG_FILE_D_RAM/A2[4]
                                0.20           0.15 f        -0.05  (VIOLATED)
   I_RISC_CORE/I_REG_FILE_REG_FILE_D_RAM/A2[6]
                                0.20           0.15 f        -0.05  (VIOLATED)
   I_RISC_CORE/I_REG_FILE_REG_FILE_B_RAM/A2[0]
                                0.20           0.15 f        -0.05  (VIOLATED)
   I_RISC_CORE/I_REG_FILE_REG_FILE_D_RAM/A2[0]
                                0.20           0.15 f        -0.05  (VIOLATED)


   min_delay/hold ('SYS_CLK' group)

                             Required        Actual
   Endpoint                 Path Delay     Path Delay        Slack
   -----------------------------------------------------------------
   I_CONTEXT_MEM/I_CONTEXT_RAM_0_1/I1[0]
                                0.20           0.13 f        -0.07  (VIOLATED)
   I_CONTEXT_MEM/I_CONTEXT_RAM_0_1/I1[1]
                                0.20           0.13 f        -0.07  (VIOLATED)
   I_CONTEXT_MEM/I_CONTEXT_RAM_0_1/I1[2]
                                0.20           0.13 f        -0.07  (VIOLATED)
   I_CONTEXT_MEM/I_CONTEXT_RAM_0_1/I1[3]
                                0.20           0.13 f        -0.07  (VIOLATED)
   I_CONTEXT_MEM/I_CONTEXT_RAM_0_1/I1[4]
                                0.20           0.13 f        -0.07  (VIOLATED)
   I_CONTEXT_MEM/I_CONTEXT_RAM_0_1/I1[5]
                                0.20           0.13 f        -0.07  (VIOLATED)
   I_CONTEXT_MEM/I_CONTEXT_RAM_0_1/I1[6]
                                0.20           0.13 f        -0.07  (VIOLATED)
   I_CONTEXT_MEM/I_CONTEXT_RAM_0_1/I1[7]
                                0.20           0.13 f        -0.07  (VIOLATED)
   I_CONTEXT_MEM/I_CONTEXT_RAM_1_1/I1[0]
                                0.20           0.13 f        -0.07  (VIOLATED)
   I_CONTEXT_MEM/I_CONTEXT_RAM_1_1/I1[1]
                                0.20           0.13 f        -0.07  (VIOLATED)
   I_CONTEXT_MEM/I_CONTEXT_RAM_1_1/I1[2]
                                0.20           0.13 f        -0.07  (VIOLATED)
   I_CONTEXT_MEM/I_CONTEXT_RAM_1_1/I1[3]
                                0.20           0.13 f        -0.07  (VIOLATED)
   I_CONTEXT_MEM/I_CONTEXT_RAM_1_1/I1[4]
                                0.20           0.13 f        -0.07  (VIOLATED)
   I_CONTEXT_MEM/I_CONTEXT_RAM_1_1/I1[5]
                                0.20           0.13 f        -0.07  (VIOLATED)
   I_CONTEXT_MEM/I_CONTEXT_RAM_1_1/I1[6]
                                0.20           0.13 f        -0.07  (VIOLATED)
   I_CONTEXT_MEM/I_CONTEXT_RAM_1_1/I1[7]
                                0.20           0.13 f        -0.07  (VIOLATED)
   I_CONTEXT_MEM/I_CONTEXT_RAM_2_1/I1[0]
                                0.20           0.13 f        -0.07  (VIOLATED)
   I_CONTEXT_MEM/I_CONTEXT_RAM_2_1/I1[1]
                                0.20           0.13 f        -0.07  (VIOLATED)
   I_CONTEXT_MEM/I_CONTEXT_RAM_2_1/I1[2]
                                0.20           0.13 f        -0.07  (VIOLATED)
   I_CONTEXT_MEM/I_CONTEXT_RAM_2_1/I1[3]
                                0.20           0.13 f        -0.07  (VIOLATED)
   I_CONTEXT_MEM/I_CONTEXT_RAM_2_1/I1[4]
                                0.20           0.13 f        -0.07  (VIOLATED)
   I_CONTEXT_MEM/I_CONTEXT_RAM_2_1/I1[5]
                                0.20           0.13 f        -0.07  (VIOLATED)
   I_CONTEXT_MEM/I_CONTEXT_RAM_2_1/I1[6]
                                0.20           0.13 f        -0.07  (VIOLATED)
   I_CONTEXT_MEM/I_CONTEXT_RAM_2_1/I1[7]
                                0.20           0.13 f        -0.07  (VIOLATED)
   I_CONTEXT_MEM/I_CONTEXT_RAM_3_1/I1[0]
                                0.20           0.13 f        -0.07  (VIOLATED)
   I_CONTEXT_MEM/I_CONTEXT_RAM_3_1/I1[1]
                                0.20           0.13 f        -0.07  (VIOLATED)
   I_CONTEXT_MEM/I_CONTEXT_RAM_3_1/I1[2]
                                0.20           0.13 f        -0.07  (VIOLATED)
   I_CONTEXT_MEM/I_CONTEXT_RAM_3_1/I1[3]
                                0.20           0.13 f        -0.07  (VIOLATED)
   I_CONTEXT_MEM/I_CONTEXT_RAM_3_1/I1[4]
                                0.20           0.13 f        -0.07  (VIOLATED)
   I_CONTEXT_MEM/I_CONTEXT_RAM_3_1/I1[5]
                                0.20           0.13 f        -0.07  (VIOLATED)
   I_CONTEXT_MEM/I_CONTEXT_RAM_3_1/I1[6]
                                0.20           0.13 f        -0.07  (VIOLATED)
   I_CONTEXT_MEM/I_CONTEXT_RAM_3_1/I1[7]
                                0.20           0.13 f        -0.07  (VIOLATED)
   I_CONTEXT_MEM/I_CONTEXT_RAM_0_2/I1[0]
                                0.20           0.13 f        -0.07  (VIOLATED)
   I_CONTEXT_MEM/I_CONTEXT_RAM_0_2/I1[1]
                                0.20           0.13 f        -0.07  (VIOLATED)
   I_CONTEXT_MEM/I_CONTEXT_RAM_0_2/I1[2]
                                0.20           0.13 f        -0.07  (VIOLATED)
   I_CONTEXT_MEM/I_CONTEXT_RAM_0_2/I1[3]
                                0.20           0.13 f        -0.07  (VIOLATED)
   I_CONTEXT_MEM/I_CONTEXT_RAM_0_2/I1[4]
                                0.20           0.13 f        -0.07  (VIOLATED)
   I_CONTEXT_MEM/I_CONTEXT_RAM_0_2/I1[5]
                                0.20           0.13 f        -0.07  (VIOLATED)
   I_CONTEXT_MEM/I_CONTEXT_RAM_0_2/I1[6]
                                0.20           0.13 f        -0.07  (VIOLATED)
   I_CONTEXT_MEM/I_CONTEXT_RAM_0_2/I1[7]
                                0.20           0.13 f        -0.07  (VIOLATED)
   I_CONTEXT_MEM/I_CONTEXT_RAM_0_3/I1[0]
                                0.20           0.13 f        -0.07  (VIOLATED)
   I_CONTEXT_MEM/I_CONTEXT_RAM_0_3/I1[1]
                                0.20           0.13 f        -0.07  (VIOLATED)
   I_CONTEXT_MEM/I_CONTEXT_RAM_0_3/I1[2]
                                0.20           0.13 f        -0.07  (VIOLATED)
   I_CONTEXT_MEM/I_CONTEXT_RAM_0_3/I1[4]
                                0.20           0.13 f        -0.07  (VIOLATED)
   I_CONTEXT_MEM/I_CONTEXT_RAM_0_3/I1[5]
                                0.20           0.13 f        -0.07  (VIOLATED)
   I_CONTEXT_MEM/I_CONTEXT_RAM_0_3/I1[7]
                                0.20           0.13 f        -0.07  (VIOLATED)
   I_CONTEXT_MEM/I_CONTEXT_RAM_0_4/I1[0]
                                0.20           0.13 f        -0.07  (VIOLATED)
   I_CONTEXT_MEM/I_CONTEXT_RAM_0_4/I1[1]
                                0.20           0.13 f        -0.07  (VIOLATED)
   I_CONTEXT_MEM/I_CONTEXT_RAM_0_4/I1[2]
                                0.20           0.13 f        -0.07  (VIOLATED)
   I_CONTEXT_MEM/I_CONTEXT_RAM_0_4/I1[3]
                                0.20           0.13 f        -0.07  (VIOLATED)
   I_CONTEXT_MEM/I_CONTEXT_RAM_0_4/I1[4]
                                0.20           0.13 f        -0.07  (VIOLATED)
   I_CONTEXT_MEM/I_CONTEXT_RAM_0_4/I1[5]
                                0.20           0.13 f        -0.07  (VIOLATED)
   I_CONTEXT_MEM/I_CONTEXT_RAM_0_4/I1[6]
                                0.20           0.13 f        -0.07  (VIOLATED)
   I_CONTEXT_MEM/I_CONTEXT_RAM_0_4/I1[7]
                                0.20           0.13 f        -0.07  (VIOLATED)
   I_CONTEXT_MEM/I_CONTEXT_RAM_1_2/I1[0]
                                0.20           0.13 f        -0.07  (VIOLATED)
   I_CONTEXT_MEM/I_CONTEXT_RAM_1_2/I1[1]
                                0.20           0.13 f        -0.07  (VIOLATED)
   I_CONTEXT_MEM/I_CONTEXT_RAM_1_2/I1[2]
                                0.20           0.13 f        -0.07  (VIOLATED)
   I_CONTEXT_MEM/I_CONTEXT_RAM_1_2/I1[3]
                                0.20           0.13 f        -0.07  (VIOLATED)
   I_CONTEXT_MEM/I_CONTEXT_RAM_1_2/I1[4]
                                0.20           0.13 f        -0.07  (VIOLATED)
   I_CONTEXT_MEM/I_CONTEXT_RAM_1_2/I1[5]
                                0.20           0.13 f        -0.07  (VIOLATED)
   I_CONTEXT_MEM/I_CONTEXT_RAM_1_2/I1[6]
                                0.20           0.13 f        -0.07  (VIOLATED)
   I_CONTEXT_MEM/I_CONTEXT_RAM_1_2/I1[7]
                                0.20           0.13 f        -0.07  (VIOLATED)
   I_CONTEXT_MEM/I_CONTEXT_RAM_1_3/I1[0]
                                0.20           0.13 f        -0.07  (VIOLATED)
   I_CONTEXT_MEM/I_CONTEXT_RAM_1_3/I1[1]
                                0.20           0.13 f        -0.07  (VIOLATED)
   I_CONTEXT_MEM/I_CONTEXT_RAM_1_3/I1[2]
                                0.20           0.13 f        -0.07  (VIOLATED)
   I_CONTEXT_MEM/I_CONTEXT_RAM_1_3/I1[4]
                                0.20           0.13 f        -0.07  (VIOLATED)
   I_CONTEXT_MEM/I_CONTEXT_RAM_1_3/I1[5]
                                0.20           0.13 f        -0.07  (VIOLATED)
   I_CONTEXT_MEM/I_CONTEXT_RAM_1_3/I1[7]
                                0.20           0.13 f        -0.07  (VIOLATED)
   I_CONTEXT_MEM/I_CONTEXT_RAM_1_4/I1[0]
                                0.20           0.13 f        -0.07  (VIOLATED)
   I_CONTEXT_MEM/I_CONTEXT_RAM_1_4/I1[1]
                                0.20           0.13 f        -0.07  (VIOLATED)
   I_CONTEXT_MEM/I_CONTEXT_RAM_1_4/I1[2]
                                0.20           0.13 f        -0.07  (VIOLATED)
   I_CONTEXT_MEM/I_CONTEXT_RAM_1_4/I1[3]
                                0.20           0.13 f        -0.07  (VIOLATED)
   I_CONTEXT_MEM/I_CONTEXT_RAM_1_4/I1[4]
                                0.20           0.13 f        -0.07  (VIOLATED)
   I_CONTEXT_MEM/I_CONTEXT_RAM_1_4/I1[5]
                                0.20           0.13 f        -0.07  (VIOLATED)
   I_CONTEXT_MEM/I_CONTEXT_RAM_1_4/I1[6]
                                0.20           0.13 f        -0.07  (VIOLATED)
   I_CONTEXT_MEM/I_CONTEXT_RAM_1_4/I1[7]
                                0.20           0.13 f        -0.07  (VIOLATED)
   I_CONTEXT_MEM/I_CONTEXT_RAM_2_2/I1[0]
                                0.20           0.13 f        -0.07  (VIOLATED)
   I_CONTEXT_MEM/I_CONTEXT_RAM_2_2/I1[1]
                                0.20           0.13 f        -0.07  (VIOLATED)
   I_CONTEXT_MEM/I_CONTEXT_RAM_2_2/I1[2]
                                0.20           0.13 f        -0.07  (VIOLATED)
   I_CONTEXT_MEM/I_CONTEXT_RAM_2_2/I1[3]
                                0.20           0.13 f        -0.07  (VIOLATED)
   I_CONTEXT_MEM/I_CONTEXT_RAM_2_2/I1[4]
                                0.20           0.13 f        -0.07  (VIOLATED)
   I_CONTEXT_MEM/I_CONTEXT_RAM_2_2/I1[5]
                                0.20           0.13 f        -0.07  (VIOLATED)
   I_CONTEXT_MEM/I_CONTEXT_RAM_2_2/I1[6]
                                0.20           0.13 f        -0.07  (VIOLATED)
   I_CONTEXT_MEM/I_CONTEXT_RAM_2_2/I1[7]
                                0.20           0.13 f        -0.07  (VIOLATED)
   I_CONTEXT_MEM/I_CONTEXT_RAM_2_3/I1[0]
                                0.20           0.13 f        -0.07  (VIOLATED)
   I_CONTEXT_MEM/I_CONTEXT_RAM_2_3/I1[1]
                                0.20           0.13 f        -0.07  (VIOLATED)
   I_CONTEXT_MEM/I_CONTEXT_RAM_2_3/I1[2]
                                0.20           0.13 f        -0.07  (VIOLATED)
   I_CONTEXT_MEM/I_CONTEXT_RAM_2_3/I1[4]
                                0.20           0.13 f        -0.07  (VIOLATED)
   I_CONTEXT_MEM/I_CONTEXT_RAM_2_3/I1[5]
                                0.20           0.13 f        -0.07  (VIOLATED)
   I_CONTEXT_MEM/I_CONTEXT_RAM_2_3/I1[7]
                                0.20           0.13 f        -0.07  (VIOLATED)
   I_CONTEXT_MEM/I_CONTEXT_RAM_2_4/I1[0]
                                0.20           0.13 f        -0.07  (VIOLATED)
   I_CONTEXT_MEM/I_CONTEXT_RAM_2_4/I1[1]
                                0.20           0.13 f        -0.07  (VIOLATED)
   I_CONTEXT_MEM/I_CONTEXT_RAM_2_4/I1[2]
                                0.20           0.13 f        -0.07  (VIOLATED)
   I_CONTEXT_MEM/I_CONTEXT_RAM_2_4/I1[3]
                                0.20           0.13 f        -0.07  (VIOLATED)
   I_CONTEXT_MEM/I_CONTEXT_RAM_2_4/I1[4]
                                0.20           0.13 f        -0.07  (VIOLATED)
   I_CONTEXT_MEM/I_CONTEXT_RAM_2_4/I1[5]
                                0.20           0.13 f        -0.07  (VIOLATED)
   I_CONTEXT_MEM/I_CONTEXT_RAM_2_4/I1[6]
                                0.20           0.13 f        -0.07  (VIOLATED)
   I_CONTEXT_MEM/I_CONTEXT_RAM_2_4/I1[7]
                                0.20           0.13 f        -0.07  (VIOLATED)
   I_CONTEXT_MEM/I_CONTEXT_RAM_3_2/I1[0]
                                0.20           0.13 f        -0.07  (VIOLATED)
   I_CONTEXT_MEM/I_CONTEXT_RAM_3_2/I1[1]
                                0.20           0.13 f        -0.07  (VIOLATED)
   I_CONTEXT_MEM/I_CONTEXT_RAM_3_2/I1[2]
                                0.20           0.13 f        -0.07  (VIOLATED)
   I_CONTEXT_MEM/I_CONTEXT_RAM_3_2/I1[3]
                                0.20           0.13 f        -0.07  (VIOLATED)
   I_CONTEXT_MEM/I_CONTEXT_RAM_3_2/I1[4]
                                0.20           0.13 f        -0.07  (VIOLATED)
   I_CONTEXT_MEM/I_CONTEXT_RAM_3_2/I1[5]
                                0.20           0.13 f        -0.07  (VIOLATED)
   I_CONTEXT_MEM/I_CONTEXT_RAM_3_2/I1[6]
                                0.20           0.13 f        -0.07  (VIOLATED)
   I_CONTEXT_MEM/I_CONTEXT_RAM_3_2/I1[7]
                                0.20           0.13 f        -0.07  (VIOLATED)
   I_CONTEXT_MEM/I_CONTEXT_RAM_3_3/I1[0]
                                0.20           0.13 f        -0.07  (VIOLATED)
   I_CONTEXT_MEM/I_CONTEXT_RAM_3_3/I1[1]
                                0.20           0.13 f        -0.07  (VIOLATED)
   I_CONTEXT_MEM/I_CONTEXT_RAM_3_3/I1[2]
                                0.20           0.13 f        -0.07  (VIOLATED)
   I_CONTEXT_MEM/I_CONTEXT_RAM_3_3/I1[4]
                                0.20           0.13 f        -0.07  (VIOLATED)
   I_CONTEXT_MEM/I_CONTEXT_RAM_3_3/I1[5]
                                0.20           0.13 f        -0.07  (VIOLATED)
   I_CONTEXT_MEM/I_CONTEXT_RAM_3_3/I1[7]
                                0.20           0.13 f        -0.07  (VIOLATED)
   I_CONTEXT_MEM/I_CONTEXT_RAM_3_4/I1[0]
                                0.20           0.13 f        -0.07  (VIOLATED)
   I_CONTEXT_MEM/I_CONTEXT_RAM_3_4/I1[1]
                                0.20           0.13 f        -0.07  (VIOLATED)
   I_CONTEXT_MEM/I_CONTEXT_RAM_3_4/I1[2]
                                0.20           0.13 f        -0.07  (VIOLATED)
   I_CONTEXT_MEM/I_CONTEXT_RAM_3_4/I1[3]
                                0.20           0.13 f        -0.07  (VIOLATED)
   I_CONTEXT_MEM/I_CONTEXT_RAM_3_4/I1[4]
                                0.20           0.13 f        -0.07  (VIOLATED)
   I_CONTEXT_MEM/I_CONTEXT_RAM_3_4/I1[5]
                                0.20           0.13 f        -0.07  (VIOLATED)
   I_CONTEXT_MEM/I_CONTEXT_RAM_3_4/I1[6]
                                0.20           0.13 f        -0.07  (VIOLATED)
   I_CONTEXT_MEM/I_CONTEXT_RAM_3_4/I1[7]
                                0.20           0.13 f        -0.07  (VIOLATED)
   I_CONTEXT_MEM/I_CONTEXT_RAM_0_3/I1[3]
                                0.20           0.13 f        -0.07  (VIOLATED)
   I_CONTEXT_MEM/I_CONTEXT_RAM_0_3/I1[6]
                                0.20           0.13 f        -0.07  (VIOLATED)
   I_CONTEXT_MEM/I_CONTEXT_RAM_1_3/I1[3]
                                0.20           0.13 f        -0.07  (VIOLATED)
   I_CONTEXT_MEM/I_CONTEXT_RAM_1_3/I1[6]
                                0.20           0.13 f        -0.07  (VIOLATED)
   I_CONTEXT_MEM/I_CONTEXT_RAM_2_3/I1[3]
                                0.20           0.13 f        -0.07  (VIOLATED)
   I_CONTEXT_MEM/I_CONTEXT_RAM_2_3/I1[6]
                                0.20           0.13 f        -0.07  (VIOLATED)
   I_CONTEXT_MEM/I_CONTEXT_RAM_3_3/I1[3]
                                0.20           0.13 f        -0.07  (VIOLATED)
   I_CONTEXT_MEM/I_CONTEXT_RAM_3_3/I1[6]
                                0.20           0.13 f        -0.07  (VIOLATED)


   min_delay/hold ('v_PCI_CLK' group)

                             Required        Actual
   Endpoint                 Path Delay     Path Delay        Slack
   -----------------------------------------------------------------
   pad_out[0]                   1.50           1.05 r        -0.45  (VIOLATED)
   pad_out[1]                   1.50           1.05 r        -0.45  (VIOLATED)
   pad_out[2]                   1.50           1.05 r        -0.45  (VIOLATED)
   pad_out[3]                   1.50           1.05 r        -0.45  (VIOLATED)
   pad_out[4]                   1.50           1.05 r        -0.45  (VIOLATED)
   pad_out[5]                   1.50           1.05 r        -0.45  (VIOLATED)
   pad_out[6]                   1.50           1.05 r        -0.45  (VIOLATED)
   pad_out[7]                   1.50           1.05 r        -0.45  (VIOLATED)
   pad_out[8]                   1.50           1.05 r        -0.45  (VIOLATED)
   pad_out[9]                   1.50           1.05 r        -0.45  (VIOLATED)
   pad_out[10]                  1.50           1.05 r        -0.45  (VIOLATED)
   pad_out[11]                  1.50           1.05 r        -0.45  (VIOLATED)
   pad_out[12]                  1.50           1.05 r        -0.45  (VIOLATED)
   pad_out[13]                  1.50           1.05 r        -0.45  (VIOLATED)
   pad_out[14]                  1.50           1.05 r        -0.45  (VIOLATED)
   pad_out[15]                  1.50           1.05 r        -0.45  (VIOLATED)
   pad_out[16]                  1.50           1.05 r        -0.45  (VIOLATED)
   pad_out[17]                  1.50           1.05 r        -0.45  (VIOLATED)
   pad_out[18]                  1.50           1.05 r        -0.45  (VIOLATED)
   pad_out[19]                  1.50           1.05 r        -0.45  (VIOLATED)
   pad_out[20]                  1.50           1.05 r        -0.45  (VIOLATED)
   pad_out[21]                  1.50           1.05 r        -0.45  (VIOLATED)
   pad_out[22]                  1.50           1.05 r        -0.45  (VIOLATED)
   pad_out[23]                  1.50           1.05 r        -0.45  (VIOLATED)
   pad_out[24]                  1.50           1.05 r        -0.45  (VIOLATED)
   pad_out[25]                  1.50           1.05 r        -0.45  (VIOLATED)
   pad_out[26]                  1.50           1.05 r        -0.45  (VIOLATED)
   pad_out[27]                  1.50           1.05 r        -0.45  (VIOLATED)
   pad_out[28]                  1.50           1.05 r        -0.45  (VIOLATED)
   pad_out[29]                  1.50           1.05 r        -0.45  (VIOLATED)
   pad_out[30]                  1.50           1.05 r        -0.45  (VIOLATED)
   pad_out[31]                  1.50           1.05 r        -0.45  (VIOLATED)


   max_transition

                             Required        Actual
   Net                      Transition     Transition        Slack
   -----------------------------------------------------------------
   I_SDRAM_TOP/I_SDRAM_IF/n7862
                                0.50           0.54          -0.04  (VIOLATED)
       PIN :   I_SDRAM_TOP/I_SDRAM_IF/U1215/A2
                                0.50           0.54          -0.04  (VIOLATED)
       PIN :   I_SDRAM_TOP/I_SDRAM_IF/U1702/A4
                                0.50           0.54          -0.04  (VIOLATED)
       PIN :   I_SDRAM_TOP/I_SDRAM_IF/U7338/A3
                                0.50           0.54          -0.04  (VIOLATED)
       PIN :   I_SDRAM_TOP/I_SDRAM_IF/U3592/A3
                                0.50           0.54          -0.04  (VIOLATED)
       PIN :   I_SDRAM_TOP/I_SDRAM_IF/U4147/A3
                                0.50           0.54          -0.04  (VIOLATED)
       PIN :   I_SDRAM_TOP/I_SDRAM_IF/U6933/A3
                                0.50           0.54          -0.04  (VIOLATED)
       PIN :   I_SDRAM_TOP/I_SDRAM_IF/U10262/A3
                                0.50           0.54          -0.04  (VIOLATED)
       PIN :   I_SDRAM_TOP/I_SDRAM_IF/U6109/A3
                                0.50           0.54          -0.04  (VIOLATED)
       PIN :   I_SDRAM_TOP/I_SDRAM_IF/U5760/A3
                                0.50           0.54          -0.04  (VIOLATED)
       PIN :   I_SDRAM_TOP/I_SDRAM_IF/U7240/A3
                                0.50           0.54          -0.04  (VIOLATED)
       PIN :   I_SDRAM_TOP/I_SDRAM_IF/U4409/A3
                                0.50           0.54          -0.04  (VIOLATED)
       PIN :   I_SDRAM_TOP/I_SDRAM_IF/U157/A1
                                0.50           0.54          -0.04  (VIOLATED)
       PIN :   I_SDRAM_TOP/I_SDRAM_IF/U11296/A1
                                0.50           0.54          -0.04  (VIOLATED)
       PIN :   I_SDRAM_TOP/I_SDRAM_IF/U5012/A1
                                0.50           0.54          -0.04  (VIOLATED)
       PIN :   I_SDRAM_TOP/I_SDRAM_IF/U4948/A1
                                0.50           0.54          -0.04  (VIOLATED)
       PIN :   I_SDRAM_TOP/I_SDRAM_IF/U4209/Y
                                0.50           0.54          -0.04  (VIOLATED)
   I_SDRAM_TOP/I_SDRAM_IF/n1446
                                0.50           0.54          -0.04  (VIOLATED)
       PIN :   I_SDRAM_TOP/I_SDRAM_IF/U10084/A3
                                0.50           0.54          -0.04  (VIOLATED)
       PIN :   I_SDRAM_TOP/I_SDRAM_IF/U3540/A3
                                0.50           0.54          -0.04  (VIOLATED)
       PIN :   I_SDRAM_TOP/I_SDRAM_IF/U10752/A3
                                0.50           0.54          -0.04  (VIOLATED)
       PIN :   I_SDRAM_TOP/I_SDRAM_IF/U5742/A3
                                0.50           0.54          -0.04  (VIOLATED)
       PIN :   I_SDRAM_TOP/I_SDRAM_IF/U9311/A3
                                0.50           0.54          -0.04  (VIOLATED)
       PIN :   I_SDRAM_TOP/I_SDRAM_IF/U6557/A3
                                0.50           0.54          -0.04  (VIOLATED)
       PIN :   I_SDRAM_TOP/I_SDRAM_IF/U8792/A3
                                0.50           0.54          -0.04  (VIOLATED)
       PIN :   I_SDRAM_TOP/I_SDRAM_IF/U6428/A3
                                0.50           0.54          -0.04  (VIOLATED)
       PIN :   I_SDRAM_TOP/I_SDRAM_IF/U5582/A3
                                0.50           0.54          -0.04  (VIOLATED)
       PIN :   I_SDRAM_TOP/I_SDRAM_IF/U11072/A3
                                0.50           0.54          -0.04  (VIOLATED)
       PIN :   I_SDRAM_TOP/I_SDRAM_IF/U143/A2
                                0.50           0.54          -0.04  (VIOLATED)
       PIN :   I_SDRAM_TOP/I_SDRAM_IF/U1716/A2
                                0.50           0.54          -0.04  (VIOLATED)
       PIN :   I_SDRAM_TOP/I_SDRAM_IF/U5037/A1
                                0.50           0.54          -0.04  (VIOLATED)
       PIN :   I_SDRAM_TOP/I_SDRAM_IF/U10450/A1
                                0.50           0.54          -0.04  (VIOLATED)
       PIN :   I_SDRAM_TOP/I_SDRAM_IF/U1440/A2
                                0.50           0.54          -0.04  (VIOLATED)
       PIN :   I_SDRAM_TOP/I_SDRAM_IF/U3280/Y
                                0.50           0.54          -0.04  (VIOLATED)
   I_SDRAM_TOP/I_SDRAM_IF/n1447
                                0.50           0.54          -0.04  (VIOLATED)
       PIN :   I_SDRAM_TOP/I_SDRAM_IF/U665/A2
                                0.50           0.54          -0.04  (VIOLATED)
       PIN :   I_SDRAM_TOP/I_SDRAM_IF/U4659/A3
                                0.50           0.54          -0.04  (VIOLATED)
       PIN :   I_SDRAM_TOP/I_SDRAM_IF/U6330/A3
                                0.50           0.54          -0.04  (VIOLATED)
       PIN :   I_SDRAM_TOP/I_SDRAM_IF/U6203/A3
                                0.50           0.54          -0.04  (VIOLATED)
       PIN :   I_SDRAM_TOP/I_SDRAM_IF/U4140/A3
                                0.50           0.54          -0.04  (VIOLATED)
       PIN :   I_SDRAM_TOP/I_SDRAM_IF/U11628/A3
                                0.50           0.54          -0.04  (VIOLATED)
       PIN :   I_SDRAM_TOP/I_SDRAM_IF/U6381/A3
                                0.50           0.54          -0.04  (VIOLATED)
       PIN :   I_SDRAM_TOP/I_SDRAM_IF/U11696/A3
                                0.50           0.54          -0.04  (VIOLATED)
       PIN :   I_SDRAM_TOP/I_SDRAM_IF/U10283/A3
                                0.50           0.54          -0.04  (VIOLATED)
       PIN :   I_SDRAM_TOP/I_SDRAM_IF/U5275/A3
                                0.50           0.54          -0.04  (VIOLATED)
       PIN :   I_SDRAM_TOP/I_SDRAM_IF/U5207/A1
                                0.50           0.54          -0.04  (VIOLATED)
       PIN :   I_SDRAM_TOP/I_SDRAM_IF/U10481/A1
                                0.50           0.54          -0.04  (VIOLATED)
       PIN :   I_SDRAM_TOP/I_SDRAM_IF/U4480/A1
                                0.50           0.54          -0.04  (VIOLATED)
       PIN :   I_SDRAM_TOP/I_SDRAM_IF/U4909/A1
                                0.50           0.54          -0.04  (VIOLATED)
       PIN :   I_SDRAM_TOP/I_SDRAM_IF/U4810/A3
                                0.50           0.54          -0.04  (VIOLATED)
       PIN :   I_SDRAM_TOP/I_SDRAM_IF/U3281/Y
                                0.50           0.54          -0.04  (VIOLATED)
   I_BLENDER_0/s2_op2[12]       0.15           0.19          -0.03  (VIOLATED)
       PIN :   I_BLENDER_0/R_95/QN
                                0.15           0.19          -0.03  (VIOLATED)
   I_SDRAM_TOP/I_SDRAM_IF/n9096
                                0.50           0.53          -0.03  (VIOLATED)
       PIN :   I_SDRAM_TOP/I_SDRAM_IF/U1676/A4
                                0.50           0.53          -0.03  (VIOLATED)
       PIN :   I_SDRAM_TOP/I_SDRAM_IF/U2866/A2
                                0.50           0.53          -0.03  (VIOLATED)
       PIN :   I_SDRAM_TOP/I_SDRAM_IF/U3467/A3
                                0.50           0.53          -0.03  (VIOLATED)
       PIN :   I_SDRAM_TOP/I_SDRAM_IF/U3473/A3
                                0.50           0.53          -0.03  (VIOLATED)
       PIN :   I_SDRAM_TOP/I_SDRAM_IF/U5706/A3
                                0.50           0.53          -0.03  (VIOLATED)
       PIN :   I_SDRAM_TOP/I_SDRAM_IF/U5183/A3
                                0.50           0.53          -0.03  (VIOLATED)
       PIN :   I_SDRAM_TOP/I_SDRAM_IF/U3594/A3
                                0.50           0.53          -0.03  (VIOLATED)
       PIN :   I_SDRAM_TOP/I_SDRAM_IF/U7282/A3
                                0.50           0.53          -0.03  (VIOLATED)
       PIN :   I_SDRAM_TOP/I_SDRAM_IF/U7411/A3
                                0.50           0.53          -0.03  (VIOLATED)
       PIN :   I_SDRAM_TOP/I_SDRAM_IF/U4890/A3
                                0.50           0.53          -0.03  (VIOLATED)
       PIN :   I_SDRAM_TOP/I_SDRAM_IF/U5282/A3
                                0.50           0.53          -0.03  (VIOLATED)
       PIN :   I_SDRAM_TOP/I_SDRAM_IF/U1575/A2
                                0.50           0.53          -0.03  (VIOLATED)
       PIN :   I_SDRAM_TOP/I_SDRAM_IF/U1762/A2
                                0.50           0.53          -0.03  (VIOLATED)
       PIN :   I_SDRAM_TOP/I_SDRAM_IF/U11138/A1
                                0.50           0.53          -0.03  (VIOLATED)
       PIN :   I_SDRAM_TOP/I_SDRAM_IF/U3013/Y
                                0.50           0.53          -0.03  (VIOLATED)
   I_SDRAM_TOP/I_SDRAM_IF/n6704
                                0.50           0.53          -0.03  (VIOLATED)
       PIN :   I_SDRAM_TOP/I_SDRAM_IF/U1984/A4
                                0.50           0.53          -0.03  (VIOLATED)
       PIN :   I_SDRAM_TOP/I_SDRAM_IF/U2821/A2
                                0.50           0.53          -0.03  (VIOLATED)
       PIN :   I_SDRAM_TOP/I_SDRAM_IF/U827/A3
                                0.50           0.53          -0.03  (VIOLATED)
       PIN :   I_SDRAM_TOP/I_SDRAM_IF/U5513/A3
                                0.50           0.53          -0.03  (VIOLATED)
       PIN :   I_SDRAM_TOP/I_SDRAM_IF/U5811/A3
                                0.50           0.53          -0.03  (VIOLATED)
       PIN :   I_SDRAM_TOP/I_SDRAM_IF/U5968/A3
                                0.50           0.53          -0.03  (VIOLATED)
       PIN :   I_SDRAM_TOP/I_SDRAM_IF/U11243/A3
                                0.50           0.53          -0.03  (VIOLATED)
       PIN :   I_SDRAM_TOP/I_SDRAM_IF/U9303/A3
                                0.50           0.53          -0.03  (VIOLATED)
       PIN :   I_SDRAM_TOP/I_SDRAM_IF/U9864/A3
                                0.50           0.53          -0.03  (VIOLATED)
       PIN :   I_SDRAM_TOP/I_SDRAM_IF/U6416/A3
                                0.50           0.53          -0.03  (VIOLATED)
       PIN :   I_SDRAM_TOP/I_SDRAM_IF/U5563/A3
                                0.50           0.53          -0.03  (VIOLATED)
       PIN :   I_SDRAM_TOP/I_SDRAM_IF/U4762/A3
                                0.50           0.53          -0.03  (VIOLATED)
       PIN :   I_SDRAM_TOP/I_SDRAM_IF/U11410/A3
                                0.50           0.53          -0.03  (VIOLATED)
       PIN :   I_SDRAM_TOP/I_SDRAM_IF/U3360/A1
                                0.50           0.53          -0.03  (VIOLATED)
       PIN :   I_SDRAM_TOP/I_SDRAM_IF/U3018/Y
                                0.50           0.53          -0.03  (VIOLATED)
   I_SDRAM_TOP/I_SDRAM_IF/n5022
                                0.50           0.53          -0.03  (VIOLATED)
       PIN :   I_SDRAM_TOP/I_SDRAM_IF/U5799/A3
                                0.50           0.53          -0.03  (VIOLATED)
       PIN :   I_SDRAM_TOP/I_SDRAM_IF/U9724/A1
                                0.50           0.53          -0.03  (VIOLATED)
       PIN :   I_SDRAM_TOP/I_SDRAM_IF/U8433/A1
                                0.50           0.53          -0.03  (VIOLATED)
       PIN :   I_SDRAM_TOP/I_SDRAM_IF/U8326/A1
                                0.50           0.53          -0.03  (VIOLATED)
       PIN :   I_SDRAM_TOP/I_SDRAM_IF/U7488/A1
                                0.50           0.53          -0.03  (VIOLATED)
       PIN :   I_SDRAM_TOP/I_SDRAM_IF/U6587/A1
                                0.50           0.53          -0.03  (VIOLATED)
       PIN :   I_SDRAM_TOP/I_SDRAM_IF/U5352/A1
                                0.50           0.53          -0.03  (VIOLATED)
       PIN :   I_SDRAM_TOP/I_SDRAM_IF/U7954/A1
                                0.50           0.53          -0.03  (VIOLATED)
       PIN :   I_SDRAM_TOP/I_SDRAM_IF/U7882/A1
                                0.50           0.53          -0.03  (VIOLATED)
       PIN :   I_SDRAM_TOP/I_SDRAM_IF/U5844/A1
                                0.50           0.53          -0.03  (VIOLATED)
       PIN :   I_SDRAM_TOP/I_SDRAM_IF/U7758/A1
                                0.50           0.53          -0.03  (VIOLATED)
       PIN :   I_SDRAM_TOP/I_SDRAM_IF/U5348/A1
                                0.50           0.53          -0.03  (VIOLATED)
       PIN :   I_SDRAM_TOP/I_SDRAM_IF/U7570/A1
                                0.50           0.53          -0.03  (VIOLATED)
       PIN :   I_SDRAM_TOP/I_SDRAM_IF/U7350/A1
                                0.50           0.53          -0.03  (VIOLATED)
       PIN :   I_SDRAM_TOP/I_SDRAM_IF/U150/A4
                                0.50           0.53          -0.03  (VIOLATED)
       PIN :   I_SDRAM_TOP/I_SDRAM_IF/U5347/Y
                                0.50           0.53          -0.03  (VIOLATED)
   I_SDRAM_TOP/I_SDRAM_IF/n8446
                                0.50           0.52          -0.02  (VIOLATED)
       PIN :   I_SDRAM_TOP/I_SDRAM_IF/U2740/A4
                                0.50           0.52          -0.02  (VIOLATED)
       PIN :   I_SDRAM_TOP/I_SDRAM_IF/U1291/A2
                                0.50           0.52          -0.02  (VIOLATED)
       PIN :   I_SDRAM_TOP/I_SDRAM_IF/U9395/A3
                                0.50           0.52          -0.02  (VIOLATED)
       PIN :   I_SDRAM_TOP/I_SDRAM_IF/U3413/A3
                                0.50           0.52          -0.02  (VIOLATED)
       PIN :   I_SDRAM_TOP/I_SDRAM_IF/U9293/A3
                                0.50           0.52          -0.02  (VIOLATED)
       PIN :   I_SDRAM_TOP/I_SDRAM_IF/U6457/A3
                                0.50           0.52          -0.02  (VIOLATED)
       PIN :   I_SDRAM_TOP/I_SDRAM_IF/U6481/A3
                                0.50           0.52          -0.02  (VIOLATED)
       PIN :   I_SDRAM_TOP/I_SDRAM_IF/U9820/A3
                                0.50           0.52          -0.02  (VIOLATED)
       PIN :   I_SDRAM_TOP/I_SDRAM_IF/U6423/A3
                                0.50           0.52          -0.02  (VIOLATED)
       PIN :   I_SDRAM_TOP/I_SDRAM_IF/U5062/A3
                                0.50           0.52          -0.02  (VIOLATED)
       PIN :   I_SDRAM_TOP/I_SDRAM_IF/U1424/A2
                                0.50           0.52          -0.02  (VIOLATED)
       PIN :   I_SDRAM_TOP/I_SDRAM_IF/U10695/A1
                                0.50           0.52          -0.02  (VIOLATED)
       PIN :   I_SDRAM_TOP/I_SDRAM_IF/U5169/A1
                                0.50           0.52          -0.02  (VIOLATED)
       PIN :   I_SDRAM_TOP/I_SDRAM_IF/U10060/A1
                                0.50           0.52          -0.02  (VIOLATED)
       PIN :   I_SDRAM_TOP/I_SDRAM_IF/U3011/Y
                                0.50           0.52          -0.02  (VIOLATED)
   I_SDRAM_TOP/I_SDRAM_IF/n7900
                                0.50           0.52          -0.02  (VIOLATED)
       PIN :   I_SDRAM_TOP/I_SDRAM_IF/U2753/A4
                                0.50           0.52          -0.02  (VIOLATED)
       PIN :   I_SDRAM_TOP/I_SDRAM_IF/U9295/A3
                                0.50           0.52          -0.02  (VIOLATED)
       PIN :   I_SDRAM_TOP/I_SDRAM_IF/U5892/A3
                                0.50           0.52          -0.02  (VIOLATED)
       PIN :   I_SDRAM_TOP/I_SDRAM_IF/U4316/A3
                                0.50           0.52          -0.02  (VIOLATED)
       PIN :   I_SDRAM_TOP/I_SDRAM_IF/U9458/A3
                                0.50           0.52          -0.02  (VIOLATED)
       PIN :   I_SDRAM_TOP/I_SDRAM_IF/U6562/A3
                                0.50           0.52          -0.02  (VIOLATED)
       PIN :   I_SDRAM_TOP/I_SDRAM_IF/U8349/A3
                                0.50           0.52          -0.02  (VIOLATED)
       PIN :   I_SDRAM_TOP/I_SDRAM_IF/U7682/A3
                                0.50           0.52          -0.02  (VIOLATED)
       PIN :   I_SDRAM_TOP/I_SDRAM_IF/U7869/A3
                                0.50           0.52          -0.02  (VIOLATED)
       PIN :   I_SDRAM_TOP/I_SDRAM_IF/U9645/A3
                                0.50           0.52          -0.02  (VIOLATED)
       PIN :   I_SDRAM_TOP/I_SDRAM_IF/U5971/A3
                                0.50           0.52          -0.02  (VIOLATED)
       PIN :   I_SDRAM_TOP/I_SDRAM_IF/U2097/A2
                                0.50           0.52          -0.02  (VIOLATED)
       PIN :   I_SDRAM_TOP/I_SDRAM_IF/U6523/A1
                                0.50           0.52          -0.02  (VIOLATED)
       PIN :   I_SDRAM_TOP/I_SDRAM_IF/U2620/A2
                                0.50           0.52          -0.02  (VIOLATED)
       PIN :   I_SDRAM_TOP/I_SDRAM_IF/U3246/Y
                                0.50           0.52          -0.02  (VIOLATED)
   I_SDRAM_TOP/I_SDRAM_IF/n8074
                                0.50           0.52          -0.02  (VIOLATED)
       PIN :   I_SDRAM_TOP/I_SDRAM_IF/U1142/A4
                                0.50           0.52          -0.02  (VIOLATED)
       PIN :   I_SDRAM_TOP/I_SDRAM_IF/U9306/A4
                                0.50           0.52          -0.02  (VIOLATED)
       PIN :   I_SDRAM_TOP/I_SDRAM_IF/U3110/A3
                                0.50           0.52          -0.02  (VIOLATED)
       PIN :   I_SDRAM_TOP/I_SDRAM_IF/U7291/A3
                                0.50           0.52          -0.02  (VIOLATED)
       PIN :   I_SDRAM_TOP/I_SDRAM_IF/U9613/A3
                                0.50           0.52          -0.02  (VIOLATED)
       PIN :   I_SDRAM_TOP/I_SDRAM_IF/U4617/A3
                                0.50           0.52          -0.02  (VIOLATED)
       PIN :   I_SDRAM_TOP/I_SDRAM_IF/U6122/A3
                                0.50           0.52          -0.02  (VIOLATED)
       PIN :   I_SDRAM_TOP/I_SDRAM_IF/U11726/A3
                                0.50           0.52          -0.02  (VIOLATED)
       PIN :   I_SDRAM_TOP/I_SDRAM_IF/U4511/A3
                                0.50           0.52          -0.02  (VIOLATED)
       PIN :   I_SDRAM_TOP/I_SDRAM_IF/U8072/A3
                                0.50           0.52          -0.02  (VIOLATED)
       PIN :   I_SDRAM_TOP/I_SDRAM_IF/U3572/A3
                                0.50           0.52          -0.02  (VIOLATED)
       PIN :   I_SDRAM_TOP/I_SDRAM_IF/U3466/A3
                                0.50           0.52          -0.02  (VIOLATED)
       PIN :   I_SDRAM_TOP/I_SDRAM_IF/U9461/A1
                                0.50           0.52          -0.02  (VIOLATED)
       PIN :   I_SDRAM_TOP/I_SDRAM_IF/U9855/A1
                                0.50           0.52          -0.02  (VIOLATED)
       PIN :   I_SDRAM_TOP/I_SDRAM_IF/U3240/Y
                                0.50           0.52          -0.02  (VIOLATED)
   I_SDRAM_TOP/I_SDRAM_IF/n7219
                                0.50           0.52          -0.02  (VIOLATED)
       PIN :   I_SDRAM_TOP/I_SDRAM_IF/U9506/A3
                                0.50           0.52          -0.02  (VIOLATED)
       PIN :   I_SDRAM_TOP/I_SDRAM_IF/U9571/A1
                                0.50           0.52          -0.02  (VIOLATED)
       PIN :   I_SDRAM_TOP/I_SDRAM_IF/U9287/A1
                                0.50           0.52          -0.02  (VIOLATED)
       PIN :   I_SDRAM_TOP/I_SDRAM_IF/U9125/A1
                                0.50           0.52          -0.02  (VIOLATED)
       PIN :   I_SDRAM_TOP/I_SDRAM_IF/U9575/A1
                                0.50           0.52          -0.02  (VIOLATED)
       PIN :   I_SDRAM_TOP/I_SDRAM_IF/U4929/A1
                                0.50           0.52          -0.02  (VIOLATED)
       PIN :   I_SDRAM_TOP/I_SDRAM_IF/U10664/A1
                                0.50           0.52          -0.02  (VIOLATED)
       PIN :   I_SDRAM_TOP/I_SDRAM_IF/U3107/A1
                                0.50           0.52          -0.02  (VIOLATED)
       PIN :   I_SDRAM_TOP/I_SDRAM_IF/U10222/A1
                                0.50           0.52          -0.02  (VIOLATED)
       PIN :   I_SDRAM_TOP/I_SDRAM_IF/U11235/A1
                                0.50           0.52          -0.02  (VIOLATED)
       PIN :   I_SDRAM_TOP/I_SDRAM_IF/U9593/A1
                                0.50           0.52          -0.02  (VIOLATED)
       PIN :   I_SDRAM_TOP/I_SDRAM_IF/U1601/A2
                                0.50           0.52          -0.02  (VIOLATED)
       PIN :   I_SDRAM_TOP/I_SDRAM_IF/U2220/A2
                                0.50           0.52          -0.02  (VIOLATED)
       PIN :   I_SDRAM_TOP/I_SDRAM_IF/U10050/A1
                                0.50           0.52          -0.02  (VIOLATED)
       PIN :   I_SDRAM_TOP/I_SDRAM_IF/U9899/A1
                                0.50           0.52          -0.02  (VIOLATED)
       PIN :   I_SDRAM_TOP/I_SDRAM_IF/U9124/Y
                                0.50           0.52          -0.02  (VIOLATED)
   I_SDRAM_TOP/I_SDRAM_IF/n7653
                                0.50           0.52          -0.02  (VIOLATED)
       PIN :   I_SDRAM_TOP/I_SDRAM_IF/U1278/A2
                                0.50           0.52          -0.02  (VIOLATED)
       PIN :   I_SDRAM_TOP/I_SDRAM_IF/U1891/A2
                                0.50           0.52          -0.02  (VIOLATED)
       PIN :   I_SDRAM_TOP/I_SDRAM_IF/U2972/A2
                                0.50           0.52          -0.02  (VIOLATED)
       PIN :   I_SDRAM_TOP/I_SDRAM_IF/U5324/A3
                                0.50           0.52          -0.02  (VIOLATED)
       PIN :   I_SDRAM_TOP/I_SDRAM_IF/U10544/A3
                                0.50           0.52          -0.02  (VIOLATED)
       PIN :   I_SDRAM_TOP/I_SDRAM_IF/U9759/A3
                                0.50           0.52          -0.02  (VIOLATED)
       PIN :   I_SDRAM_TOP/I_SDRAM_IF/U9434/A3
                                0.50           0.52          -0.02  (VIOLATED)
       PIN :   I_SDRAM_TOP/I_SDRAM_IF/U8820/A3
                                0.50           0.52          -0.02  (VIOLATED)
       PIN :   I_SDRAM_TOP/I_SDRAM_IF/U7259/A3
                                0.50           0.52          -0.02  (VIOLATED)
       PIN :   I_SDRAM_TOP/I_SDRAM_IF/U3443/A3
                                0.50           0.52          -0.02  (VIOLATED)
       PIN :   I_SDRAM_TOP/I_SDRAM_IF/U10501/A1
                                0.50           0.52          -0.02  (VIOLATED)
       PIN :   I_SDRAM_TOP/I_SDRAM_IF/U4717/A1
                                0.50           0.52          -0.02  (VIOLATED)
       PIN :   I_SDRAM_TOP/I_SDRAM_IF/U2196/A2
                                0.50           0.52          -0.02  (VIOLATED)
       PIN :   I_SDRAM_TOP/I_SDRAM_IF/U5920/A3
                                0.50           0.52          -0.02  (VIOLATED)
       PIN :   I_SDRAM_TOP/I_SDRAM_IF/U3245/Y
                                0.50           0.52          -0.02  (VIOLATED)
   I_PCI_TOP/n1555              0.50           0.52          -0.02  (VIOLATED)
       PIN :   I_PCI_TOP/U1581/A3
                                0.50           0.52          -0.02  (VIOLATED)
       PIN :   I_PCI_TOP/U3223/A1
                                0.50           0.52          -0.02  (VIOLATED)
       PIN :   I_PCI_TOP/U1582/Y
                                0.50           0.52          -0.02  (VIOLATED)
   I_SDRAM_TOP/I_SDRAM_IF/n4236
                                0.50           0.52          -0.02  (VIOLATED)
       PIN :   I_SDRAM_TOP/I_SDRAM_IF/U525/A
                                0.50           0.52          -0.02  (VIOLATED)
       PIN :   I_SDRAM_TOP/I_SDRAM_IF/U10893/A3
                                0.50           0.52          -0.02  (VIOLATED)
       PIN :   I_SDRAM_TOP/I_SDRAM_IF/U11104/A3
                                0.50           0.52          -0.02  (VIOLATED)
       PIN :   I_SDRAM_TOP/I_SDRAM_IF/U5832/A3
                                0.50           0.52          -0.02  (VIOLATED)
       PIN :   I_SDRAM_TOP/I_SDRAM_IF/U4464/A3
                                0.50           0.52          -0.02  (VIOLATED)
       PIN :   I_SDRAM_TOP/I_SDRAM_IF/U4934/A3
                                0.50           0.52          -0.02  (VIOLATED)
       PIN :   I_SDRAM_TOP/I_SDRAM_IF/U7717/A3
                                0.50           0.52          -0.02  (VIOLATED)
       PIN :   I_SDRAM_TOP/I_SDRAM_IF/U6950/A3
                                0.50           0.52          -0.02  (VIOLATED)
       PIN :   I_SDRAM_TOP/I_SDRAM_IF/U5881/A3
                                0.50           0.52          -0.02  (VIOLATED)
       PIN :   I_SDRAM_TOP/I_SDRAM_IF/U6408/A3
                                0.50           0.52          -0.02  (VIOLATED)
       PIN :   I_SDRAM_TOP/I_SDRAM_IF/U4326/A3
                                0.50           0.52          -0.02  (VIOLATED)
       PIN :   I_SDRAM_TOP/I_SDRAM_IF/U8916/A3
                                0.50           0.52          -0.02  (VIOLATED)
       PIN :   I_SDRAM_TOP/I_SDRAM_IF/U4802/A1
                                0.50           0.52          -0.02  (VIOLATED)
       PIN :   I_SDRAM_TOP/I_SDRAM_IF/U9185/A1
                                0.50           0.52          -0.02  (VIOLATED)
       PIN :   I_SDRAM_TOP/I_SDRAM_IF/U4433/Y
                                0.50           0.52          -0.02  (VIOLATED)
   I_SDRAM_TOP/I_SDRAM_IF/n7531
                                0.50           0.52          -0.02  (VIOLATED)
       PIN :   I_SDRAM_TOP/I_SDRAM_IF/U1927/A2
                                0.50           0.52          -0.02  (VIOLATED)
       PIN :   I_SDRAM_TOP/I_SDRAM_IF/U2830/A2
                                0.50           0.52          -0.02  (VIOLATED)
       PIN :   I_SDRAM_TOP/I_SDRAM_IF/U4274/A3
                                0.50           0.52          -0.02  (VIOLATED)
       PIN :   I_SDRAM_TOP/I_SDRAM_IF/U7006/A3
                                0.50           0.52          -0.02  (VIOLATED)
       PIN :   I_SDRAM_TOP/I_SDRAM_IF/U8818/A3
                                0.50           0.52          -0.02  (VIOLATED)
       PIN :   I_SDRAM_TOP/I_SDRAM_IF/U10497/A3
                                0.50           0.52          -0.02  (VIOLATED)
       PIN :   I_SDRAM_TOP/I_SDRAM_IF/U10904/A3
                                0.50           0.52          -0.02  (VIOLATED)
       PIN :   I_SDRAM_TOP/I_SDRAM_IF/U9562/A3
                                0.50           0.52          -0.02  (VIOLATED)
       PIN :   I_SDRAM_TOP/I_SDRAM_IF/U10211/A3
                                0.50           0.52          -0.02  (VIOLATED)
       PIN :   I_SDRAM_TOP/I_SDRAM_IF/U6066/A3
                                0.50           0.52          -0.02  (VIOLATED)
       PIN :   I_SDRAM_TOP/I_SDRAM_IF/U10613/A3
                                0.50           0.52          -0.02  (VIOLATED)
       PIN :   I_SDRAM_TOP/I_SDRAM_IF/U9884/A1
                                0.50           0.52          -0.02  (VIOLATED)
       PIN :   I_SDRAM_TOP/I_SDRAM_IF/U5480/A1
                                0.50           0.52          -0.02  (VIOLATED)
       PIN :   I_SDRAM_TOP/I_SDRAM_IF/U10103/A1
                                0.50           0.52          -0.02  (VIOLATED)
       PIN :   I_SDRAM_TOP/I_SDRAM_IF/U2996/Y
                                0.50           0.52          -0.02  (VIOLATED)
   I_PCI_TOP/n2862              0.50           0.52          -0.02  (VIOLATED)
       PIN :   I_PCI_TOP/U130/CI
                                0.50           0.52          -0.02  (VIOLATED)
       PIN :   I_PCI_TOP/U4762/A3
                                0.50           0.52          -0.02  (VIOLATED)
       PIN :   I_PCI_TOP/U3928/Y
                                0.50           0.52          -0.02  (VIOLATED)
   I_BLENDER_0/n4032            0.50           0.52          -0.02  (VIOLATED)
       PIN :   I_BLENDER_0/U5537/A2
                                0.50           0.52          -0.02  (VIOLATED)
       PIN :   I_BLENDER_0/U5643/A2
                                0.50           0.52          -0.02  (VIOLATED)
       PIN :   I_BLENDER_0/U5646/A3
                                0.50           0.52          -0.02  (VIOLATED)
       PIN :   I_BLENDER_0/U2978/Y
                                0.50           0.52          -0.02  (VIOLATED)
   I_SDRAM_TOP/I_SDRAM_IF/n7789
                                0.50           0.52          -0.02  (VIOLATED)
       PIN :   I_SDRAM_TOP/I_SDRAM_IF/U2483/A2
                                0.50           0.52          -0.02  (VIOLATED)
       PIN :   I_SDRAM_TOP/I_SDRAM_IF/U653/A2
                                0.50           0.52          -0.02  (VIOLATED)
       PIN :   I_SDRAM_TOP/I_SDRAM_IF/U4676/A3
                                0.50           0.52          -0.02  (VIOLATED)
       PIN :   I_SDRAM_TOP/I_SDRAM_IF/U9078/A3
                                0.50           0.52          -0.02  (VIOLATED)
       PIN :   I_SDRAM_TOP/I_SDRAM_IF/U6875/A3
                                0.50           0.52          -0.02  (VIOLATED)
       PIN :   I_SDRAM_TOP/I_SDRAM_IF/U4227/A3
                                0.50           0.52          -0.02  (VIOLATED)
       PIN :   I_SDRAM_TOP/I_SDRAM_IF/U7127/A3
                                0.50           0.52          -0.02  (VIOLATED)
       PIN :   I_SDRAM_TOP/I_SDRAM_IF/U10966/A3
                                0.50           0.52          -0.02  (VIOLATED)
       PIN :   I_SDRAM_TOP/I_SDRAM_IF/U8440/A3
                                0.50           0.52          -0.02  (VIOLATED)
       PIN :   I_SDRAM_TOP/I_SDRAM_IF/U6627/A3
                                0.50           0.52          -0.02  (VIOLATED)
       PIN :   I_SDRAM_TOP/I_SDRAM_IF/U11315/A3
                                0.50           0.52          -0.02  (VIOLATED)
       PIN :   I_SDRAM_TOP/I_SDRAM_IF/U4787/A3
                                0.50           0.52          -0.02  (VIOLATED)
       PIN :   I_SDRAM_TOP/I_SDRAM_IF/U3436/A1
                                0.50           0.52          -0.02  (VIOLATED)
       PIN :   I_SDRAM_TOP/I_SDRAM_IF/U7163/A1
                                0.50           0.52          -0.02  (VIOLATED)
       PIN :   I_SDRAM_TOP/I_SDRAM_IF/U3243/Y
                                0.50           0.52          -0.02  (VIOLATED)
   I_SDRAM_TOP/I_SDRAM_IF/n7460
                                0.50           0.51          -0.01  (VIOLATED)
       PIN :   I_SDRAM_TOP/I_SDRAM_IF/U2337/A2
                                0.50           0.51          -0.01  (VIOLATED)
       PIN :   I_SDRAM_TOP/I_SDRAM_IF/U2430/A4
                                0.50           0.51          -0.01  (VIOLATED)
       PIN :   I_SDRAM_TOP/I_SDRAM_IF/U10194/A3
                                0.50           0.51          -0.01  (VIOLATED)
       PIN :   I_SDRAM_TOP/I_SDRAM_IF/U11249/A3
                                0.50           0.51          -0.01  (VIOLATED)
       PIN :   I_SDRAM_TOP/I_SDRAM_IF/U9694/A3
                                0.50           0.51          -0.01  (VIOLATED)
       PIN :   I_SDRAM_TOP/I_SDRAM_IF/U9804/A3
                                0.50           0.51          -0.01  (VIOLATED)
       PIN :   I_SDRAM_TOP/I_SDRAM_IF/U7177/A3
                                0.50           0.51          -0.01  (VIOLATED)
       PIN :   I_SDRAM_TOP/I_SDRAM_IF/U11388/A3
                                0.50           0.51          -0.01  (VIOLATED)
       PIN :   I_SDRAM_TOP/I_SDRAM_IF/U5447/A3
                                0.50           0.51          -0.01  (VIOLATED)
       PIN :   I_SDRAM_TOP/I_SDRAM_IF/U9243/A3
                                0.50           0.51          -0.01  (VIOLATED)
       PIN :   I_SDRAM_TOP/I_SDRAM_IF/U11280/A3
                                0.50           0.51          -0.01  (VIOLATED)
       PIN :   I_SDRAM_TOP/I_SDRAM_IF/U9757/A3
                                0.50           0.51          -0.01  (VIOLATED)
       PIN :   I_SDRAM_TOP/I_SDRAM_IF/U9188/A1
                                0.50           0.51          -0.01  (VIOLATED)
       PIN :   I_SDRAM_TOP/I_SDRAM_IF/U10901/A1
                                0.50           0.51          -0.01  (VIOLATED)
       PIN :   I_SDRAM_TOP/I_SDRAM_IF/U3003/Y
                                0.50           0.51          -0.01  (VIOLATED)
   I_SDRAM_TOP/I_SDRAM_IF/n8034
                                0.50           0.51          -0.01  (VIOLATED)
       PIN :   I_SDRAM_TOP/I_SDRAM_IF/U2654/A2
                                0.50           0.51          -0.01  (VIOLATED)
       PIN :   I_SDRAM_TOP/I_SDRAM_IF/U3033/A1
                                0.50           0.51          -0.01  (VIOLATED)
       PIN :   I_SDRAM_TOP/I_SDRAM_IF/U9437/A3
                                0.50           0.51          -0.01  (VIOLATED)
       PIN :   I_SDRAM_TOP/I_SDRAM_IF/U7429/A3
                                0.50           0.51          -0.01  (VIOLATED)
       PIN :   I_SDRAM_TOP/I_SDRAM_IF/U5420/A3
                                0.50           0.51          -0.01  (VIOLATED)
       PIN :   I_SDRAM_TOP/I_SDRAM_IF/U8185/A3
                                0.50           0.51          -0.01  (VIOLATED)
       PIN :   I_SDRAM_TOP/I_SDRAM_IF/U9866/A3
                                0.50           0.51          -0.01  (VIOLATED)
       PIN :   I_SDRAM_TOP/I_SDRAM_IF/U3424/A3
                                0.50           0.51          -0.01  (VIOLATED)
       PIN :   I_SDRAM_TOP/I_SDRAM_IF/U9183/A3
                                0.50           0.51          -0.01  (VIOLATED)
       PIN :   I_SDRAM_TOP/I_SDRAM_IF/U4466/A3
                                0.50           0.51          -0.01  (VIOLATED)
       PIN :   I_SDRAM_TOP/I_SDRAM_IF/U10037/A3
                                0.50           0.51          -0.01  (VIOLATED)
       PIN :   I_SDRAM_TOP/I_SDRAM_IF/U6062/A3
                                0.50           0.51          -0.01  (VIOLATED)
       PIN :   I_SDRAM_TOP/I_SDRAM_IF/U6890/A1
                                0.50           0.51          -0.01  (VIOLATED)
       PIN :   I_SDRAM_TOP/I_SDRAM_IF/U9989/A1
                                0.50           0.51          -0.01  (VIOLATED)
       PIN :   I_SDRAM_TOP/I_SDRAM_IF/U3004/Y
                                0.50           0.51          -0.01  (VIOLATED)
   I_SDRAM_TOP/I_SDRAM_IF/n1454
                                0.50           0.51          -0.01  (VIOLATED)
       PIN :   I_SDRAM_TOP/I_SDRAM_IF/U9611/A3
                                0.50           0.51          -0.01  (VIOLATED)
       PIN :   I_SDRAM_TOP/I_SDRAM_IF/U6012/A3
                                0.50           0.51          -0.01  (VIOLATED)
       PIN :   I_SDRAM_TOP/I_SDRAM_IF/U9234/A3
                                0.50           0.51          -0.01  (VIOLATED)
       PIN :   I_SDRAM_TOP/I_SDRAM_IF/U3486/A3
                                0.50           0.51          -0.01  (VIOLATED)
       PIN :   I_SDRAM_TOP/I_SDRAM_IF/U11373/A3
                                0.50           0.51          -0.01  (VIOLATED)
       PIN :   I_SDRAM_TOP/I_SDRAM_IF/U10711/A3
                                0.50           0.51          -0.01  (VIOLATED)
       PIN :   I_SDRAM_TOP/I_SDRAM_IF/U10382/A3
                                0.50           0.51          -0.01  (VIOLATED)
       PIN :   I_SDRAM_TOP/I_SDRAM_IF/U5148/A3
                                0.50           0.51          -0.01  (VIOLATED)
       PIN :   I_SDRAM_TOP/I_SDRAM_IF/U5539/A3
                                0.50           0.51          -0.01  (VIOLATED)
       PIN :   I_SDRAM_TOP/I_SDRAM_IF/U11732/A3
                                0.50           0.51          -0.01  (VIOLATED)
       PIN :   I_SDRAM_TOP/I_SDRAM_IF/U3085/A5
                                0.50           0.51          -0.01  (VIOLATED)
       PIN :   I_SDRAM_TOP/I_SDRAM_IF/U1467/A2
                                0.50           0.51          -0.01  (VIOLATED)
       PIN :   I_SDRAM_TOP/I_SDRAM_IF/U5086/A1
                                0.50           0.51          -0.01  (VIOLATED)
       PIN :   I_SDRAM_TOP/I_SDRAM_IF/U7447/A1
                                0.50           0.51          -0.01  (VIOLATED)
       PIN :   I_SDRAM_TOP/I_SDRAM_IF/U3290/Y
                                0.50           0.51          -0.01  (VIOLATED)
   I_SDRAM_TOP/I_SDRAM_IF/n1453
                                0.50           0.51          -0.01  (VIOLATED)
       PIN :   I_SDRAM_TOP/I_SDRAM_IF/U7712/A3
                                0.50           0.51          -0.01  (VIOLATED)
       PIN :   I_SDRAM_TOP/I_SDRAM_IF/U10057/A3
                                0.50           0.51          -0.01  (VIOLATED)
       PIN :   I_SDRAM_TOP/I_SDRAM_IF/U11646/A3
                                0.50           0.51          -0.01  (VIOLATED)
       PIN :   I_SDRAM_TOP/I_SDRAM_IF/U5120/A3
                                0.50           0.51          -0.01  (VIOLATED)
       PIN :   I_SDRAM_TOP/I_SDRAM_IF/U5019/A3
                                0.50           0.51          -0.01  (VIOLATED)
       PIN :   I_SDRAM_TOP/I_SDRAM_IF/U8251/A3
                                0.50           0.51          -0.01  (VIOLATED)
       PIN :   I_SDRAM_TOP/I_SDRAM_IF/U4292/A3
                                0.50           0.51          -0.01  (VIOLATED)
       PIN :   I_SDRAM_TOP/I_SDRAM_IF/U8422/A3
                                0.50           0.51          -0.01  (VIOLATED)
       PIN :   I_SDRAM_TOP/I_SDRAM_IF/U5766/A3
                                0.50           0.51          -0.01  (VIOLATED)
       PIN :   I_SDRAM_TOP/I_SDRAM_IF/U8130/A3
                                0.50           0.51          -0.01  (VIOLATED)
       PIN :   I_SDRAM_TOP/I_SDRAM_IF/U9848/A3
                                0.50           0.51          -0.01  (VIOLATED)
       PIN :   I_SDRAM_TOP/I_SDRAM_IF/U6199/A1
                                0.50           0.51          -0.01  (VIOLATED)
       PIN :   I_SDRAM_TOP/I_SDRAM_IF/U9327/A1
                                0.50           0.51          -0.01  (VIOLATED)
       PIN :   I_SDRAM_TOP/I_SDRAM_IF/U3134/A6
                                0.50           0.51          -0.01  (VIOLATED)
       PIN :   I_SDRAM_TOP/I_SDRAM_IF/U3287/Y
                                0.50           0.51          -0.01  (VIOLATED)
   I_SDRAM_TOP/I_SDRAM_IF/n7269
                                0.50           0.51          -0.01  (VIOLATED)
       PIN :   I_SDRAM_TOP/I_SDRAM_IF/U1048/A4
                                0.50           0.51          -0.01  (VIOLATED)
       PIN :   I_SDRAM_TOP/I_SDRAM_IF/U8873/A4
                                0.50           0.51          -0.01  (VIOLATED)
       PIN :   I_SDRAM_TOP/I_SDRAM_IF/U3112/A3
                                0.50           0.51          -0.01  (VIOLATED)
       PIN :   I_SDRAM_TOP/I_SDRAM_IF/U5379/A3
                                0.50           0.51          -0.01  (VIOLATED)
       PIN :   I_SDRAM_TOP/I_SDRAM_IF/U7150/A3
                                0.50           0.51          -0.01  (VIOLATED)
       PIN :   I_SDRAM_TOP/I_SDRAM_IF/U10682/A3
                                0.50           0.51          -0.01  (VIOLATED)
       PIN :   I_SDRAM_TOP/I_SDRAM_IF/U5731/A3
                                0.50           0.51          -0.01  (VIOLATED)
       PIN :   I_SDRAM_TOP/I_SDRAM_IF/U7907/A3
                                0.50           0.51          -0.01  (VIOLATED)
       PIN :   I_SDRAM_TOP/I_SDRAM_IF/U9526/A3
                                0.50           0.51          -0.01  (VIOLATED)
       PIN :   I_SDRAM_TOP/I_SDRAM_IF/U9296/A3
                                0.50           0.51          -0.01  (VIOLATED)
       PIN :   I_SDRAM_TOP/I_SDRAM_IF/U2632/A2
                                0.50           0.51          -0.01  (VIOLATED)
       PIN :   I_SDRAM_TOP/I_SDRAM_IF/U3069/A1
                                0.50           0.51          -0.01  (VIOLATED)
       PIN :   I_SDRAM_TOP/I_SDRAM_IF/U9408/A1
                                0.50           0.51          -0.01  (VIOLATED)
       PIN :   I_SDRAM_TOP/I_SDRAM_IF/U8970/A1
                                0.50           0.51          -0.01  (VIOLATED)
       PIN :   I_SDRAM_TOP/I_SDRAM_IF/U3241/Y
                                0.50           0.51          -0.01  (VIOLATED)
   I_SDRAM_TOP/I_SDRAM_IF/n6365
                                0.50           0.51          -0.01  (VIOLATED)
       PIN :   I_SDRAM_TOP/I_SDRAM_IF/U1042/A4
                                0.50           0.51          -0.01  (VIOLATED)
       PIN :   I_SDRAM_TOP/I_SDRAM_IF/U689/A4
                                0.50           0.51          -0.01  (VIOLATED)
       PIN :   I_SDRAM_TOP/I_SDRAM_IF/U5789/A3
                                0.50           0.51          -0.01  (VIOLATED)
       PIN :   I_SDRAM_TOP/I_SDRAM_IF/U10656/A3
                                0.50           0.51          -0.01  (VIOLATED)
       PIN :   I_SDRAM_TOP/I_SDRAM_IF/U5569/A3
                                0.50           0.51          -0.01  (VIOLATED)
       PIN :   I_SDRAM_TOP/I_SDRAM_IF/U11007/A3
                                0.50           0.51          -0.01  (VIOLATED)
       PIN :   I_SDRAM_TOP/I_SDRAM_IF/U7147/A3
                                0.50           0.51          -0.01  (VIOLATED)
       PIN :   I_SDRAM_TOP/I_SDRAM_IF/U9797/A3
                                0.50           0.51          -0.01  (VIOLATED)
       PIN :   I_SDRAM_TOP/I_SDRAM_IF/U3122/A3
                                0.50           0.51          -0.01  (VIOLATED)
       PIN :   I_SDRAM_TOP/I_SDRAM_IF/U4059/A3
                                0.50           0.51          -0.01  (VIOLATED)
       PIN :   I_SDRAM_TOP/I_SDRAM_IF/U10661/A3
                                0.50           0.51          -0.01  (VIOLATED)
       PIN :   I_SDRAM_TOP/I_SDRAM_IF/U6818/A1
                                0.50           0.51          -0.01  (VIOLATED)
       PIN :   I_SDRAM_TOP/I_SDRAM_IF/U1640/A2
                                0.50           0.51          -0.01  (VIOLATED)
       PIN :   I_SDRAM_TOP/I_SDRAM_IF/U2356/A2
                                0.50           0.51          -0.01  (VIOLATED)
       PIN :   I_SDRAM_TOP/I_SDRAM_IF/U3017/Y
                                0.50           0.51          -0.01  (VIOLATED)
   I_SDRAM_TOP/I_SDRAM_IF/n4498
                                0.50           0.51          -0.01  (VIOLATED)
       PIN :   I_SDRAM_TOP/I_SDRAM_IF/U3042/A3
                                0.50           0.51          -0.01  (VIOLATED)
       PIN :   I_SDRAM_TOP/I_SDRAM_IF/U9218/A3
                                0.50           0.51          -0.01  (VIOLATED)
       PIN :   I_SDRAM_TOP/I_SDRAM_IF/U9412/A3
                                0.50           0.51          -0.01  (VIOLATED)
       PIN :   I_SDRAM_TOP/I_SDRAM_IF/U6927/A3
                                0.50           0.51          -0.01  (VIOLATED)
       PIN :   I_SDRAM_TOP/I_SDRAM_IF/U10579/A3
                                0.50           0.51          -0.01  (VIOLATED)
       PIN :   I_SDRAM_TOP/I_SDRAM_IF/U9654/A3
                                0.50           0.51          -0.01  (VIOLATED)
       PIN :   I_SDRAM_TOP/I_SDRAM_IF/U3471/A3
                                0.50           0.51          -0.01  (VIOLATED)
       PIN :   I_SDRAM_TOP/I_SDRAM_IF/U9578/A3
                                0.50           0.51          -0.01  (VIOLATED)
       PIN :   I_SDRAM_TOP/I_SDRAM_IF/U10593/A3
                                0.50           0.51          -0.01  (VIOLATED)
       PIN :   I_SDRAM_TOP/I_SDRAM_IF/U6973/A3
                                0.50           0.51          -0.01  (VIOLATED)
       PIN :   I_SDRAM_TOP/I_SDRAM_IF/U10540/A3
                                0.50           0.51          -0.01  (VIOLATED)
       PIN :   I_SDRAM_TOP/I_SDRAM_IF/U4808/A1
                                0.50           0.51          -0.01  (VIOLATED)
       PIN :   I_SDRAM_TOP/I_SDRAM_IF/U9101/A1
                                0.50           0.51          -0.01  (VIOLATED)
       PIN :   I_SDRAM_TOP/I_SDRAM_IF/U3533/A3
                                0.50           0.51          -0.01  (VIOLATED)
       PIN :   I_SDRAM_TOP/I_SDRAM_IF/U3019/Y
                                0.50           0.51          -0.01  (VIOLATED)
   I_SDRAM_TOP/I_SDRAM_IF/n1452
                                0.50           0.51          -0.01  (VIOLATED)
       PIN :   I_SDRAM_TOP/I_SDRAM_IF/U3048/A6
                                0.50           0.51          -0.01  (VIOLATED)
       PIN :   I_SDRAM_TOP/I_SDRAM_IF/U1307/A2
                                0.50           0.51          -0.01  (VIOLATED)
       PIN :   I_SDRAM_TOP/I_SDRAM_IF/U9096/A4
                                0.50           0.51          -0.01  (VIOLATED)
       PIN :   I_SDRAM_TOP/I_SDRAM_IF/U1672/A4
                                0.50           0.51          -0.01  (VIOLATED)
       PIN :   I_SDRAM_TOP/I_SDRAM_IF/U5270/A3
                                0.50           0.51          -0.01  (VIOLATED)
       PIN :   I_SDRAM_TOP/I_SDRAM_IF/U8855/A3
                                0.50           0.51          -0.01  (VIOLATED)
       PIN :   I_SDRAM_TOP/I_SDRAM_IF/U5296/A3
                                0.50           0.51          -0.01  (VIOLATED)
       PIN :   I_SDRAM_TOP/I_SDRAM_IF/U9656/A3
                                0.50           0.51          -0.01  (VIOLATED)
       PIN :   I_SDRAM_TOP/I_SDRAM_IF/U3362/A3
                                0.50           0.51          -0.01  (VIOLATED)
       PIN :   I_SDRAM_TOP/I_SDRAM_IF/U7787/A3
                                0.50           0.51          -0.01  (VIOLATED)
       PIN :   I_SDRAM_TOP/I_SDRAM_IF/U4607/A3
                                0.50           0.51          -0.01  (VIOLATED)
       PIN :   I_SDRAM_TOP/I_SDRAM_IF/U9919/A1
                                0.50           0.51          -0.01  (VIOLATED)
       PIN :   I_SDRAM_TOP/I_SDRAM_IF/U9297/A1
                                0.50           0.51          -0.01  (VIOLATED)
       PIN :   I_SDRAM_TOP/I_SDRAM_IF/U4534/A3
                                0.50           0.51          -0.01  (VIOLATED)
       PIN :   I_SDRAM_TOP/I_SDRAM_IF/U3286/Y
                                0.50           0.51          -0.01  (VIOLATED)
   I_PCI_TOP/n2956              0.50           0.51          -0.01  (VIOLATED)
       PIN :   I_PCI_TOP/U49/CI
                                0.50           0.51          -0.01  (VIOLATED)
       PIN :   I_PCI_TOP/U4838/A1
                                0.50           0.51          -0.01  (VIOLATED)
       PIN :   I_PCI_TOP/U3063/Y
                                0.50           0.51          -0.01  (VIOLATED)
   I_PCI_TOP/n2979              0.50           0.51          -0.01  (VIOLATED)
       PIN :   I_PCI_TOP/U48/CI
                                0.50           0.51          -0.01  (VIOLATED)
       PIN :   I_PCI_TOP/U4857/A1
                                0.50           0.51          -0.01  (VIOLATED)
       PIN :   I_PCI_TOP/U1528/Y
                                0.50           0.51          -0.01  (VIOLATED)
   I_SDRAM_TOP/I_SDRAM_IF/n7693
                                0.50           0.51          -0.01  (VIOLATED)
       PIN :   I_SDRAM_TOP/I_SDRAM_IF/U8267/A3
                                0.50           0.51          -0.01  (VIOLATED)
       PIN :   I_SDRAM_TOP/I_SDRAM_IF/U5597/A3
                                0.50           0.51          -0.01  (VIOLATED)
       PIN :   I_SDRAM_TOP/I_SDRAM_IF/U9389/A3
                                0.50           0.51          -0.01  (VIOLATED)
       PIN :   I_SDRAM_TOP/I_SDRAM_IF/U4373/A3
                                0.50           0.51          -0.01  (VIOLATED)
       PIN :   I_SDRAM_TOP/I_SDRAM_IF/U7481/A3
                                0.50           0.51          -0.01  (VIOLATED)
       PIN :   I_SDRAM_TOP/I_SDRAM_IF/U6435/A3
                                0.50           0.51          -0.01  (VIOLATED)
       PIN :   I_SDRAM_TOP/I_SDRAM_IF/U5611/A3
                                0.50           0.51          -0.01  (VIOLATED)
       PIN :   I_SDRAM_TOP/I_SDRAM_IF/U4872/A3
                                0.50           0.51          -0.01  (VIOLATED)
       PIN :   I_SDRAM_TOP/I_SDRAM_IF/U3580/A3
                                0.50           0.51          -0.01  (VIOLATED)
       PIN :   I_SDRAM_TOP/I_SDRAM_IF/U6227/A3
                                0.50           0.51          -0.01  (VIOLATED)
       PIN :   I_SDRAM_TOP/I_SDRAM_IF/U148/A2
                                0.50           0.51          -0.01  (VIOLATED)
       PIN :   I_SDRAM_TOP/I_SDRAM_IF/U1967/A2
                                0.50           0.51          -0.01  (VIOLATED)
       PIN :   I_SDRAM_TOP/I_SDRAM_IF/U9460/A1
                                0.50           0.51          -0.01  (VIOLATED)
       PIN :   I_SDRAM_TOP/I_SDRAM_IF/U10255/A1
                                0.50           0.51          -0.01  (VIOLATED)
       PIN :   I_SDRAM_TOP/I_SDRAM_IF/U4716/Y
                                0.50           0.51          -0.01  (VIOLATED)
   I_SDRAM_TOP/I_SDRAM_IF/n8963
                                0.50           0.51          -0.01  (VIOLATED)
       PIN :   I_SDRAM_TOP/I_SDRAM_IF/U2782/A2
                                0.50           0.51          -0.01  (VIOLATED)
       PIN :   I_SDRAM_TOP/I_SDRAM_IF/U5519/A3
                                0.50           0.51          -0.01  (VIOLATED)
       PIN :   I_SDRAM_TOP/I_SDRAM_IF/U7041/A3
                                0.50           0.51          -0.01  (VIOLATED)
       PIN :   I_SDRAM_TOP/I_SDRAM_IF/U9081/A3
                                0.50           0.51          -0.01  (VIOLATED)
       PIN :   I_SDRAM_TOP/I_SDRAM_IF/U8993/A3
                                0.50           0.51          -0.01  (VIOLATED)
       PIN :   I_SDRAM_TOP/I_SDRAM_IF/U5886/A3
                                0.50           0.51          -0.01  (VIOLATED)
       PIN :   I_SDRAM_TOP/I_SDRAM_IF/U7599/A3
                                0.50           0.51          -0.01  (VIOLATED)
       PIN :   I_SDRAM_TOP/I_SDRAM_IF/U10163/A3
                                0.50           0.51          -0.01  (VIOLATED)
       PIN :   I_SDRAM_TOP/I_SDRAM_IF/U4959/A3
                                0.50           0.51          -0.01  (VIOLATED)
       PIN :   I_SDRAM_TOP/I_SDRAM_IF/U8938/A3
                                0.50           0.51          -0.01  (VIOLATED)
       PIN :   I_SDRAM_TOP/I_SDRAM_IF/U6399/A3
                                0.50           0.51          -0.01  (VIOLATED)
       PIN :   I_SDRAM_TOP/I_SDRAM_IF/U10626/A1
                                0.50           0.51          -0.01  (VIOLATED)
       PIN :   I_SDRAM_TOP/I_SDRAM_IF/U1428/A2
                                0.50           0.51          -0.01  (VIOLATED)
       PIN :   I_SDRAM_TOP/I_SDRAM_IF/U9277/A1
                                0.50           0.51          -0.01  (VIOLATED)
       PIN :   I_SDRAM_TOP/I_SDRAM_IF/U3244/Y
                                0.50           0.51          -0.01  (VIOLATED)
   I_SDRAM_TOP/I_SDRAM_IF/n7125
                                0.50           0.51          -0.01  (VIOLATED)
       PIN :   I_SDRAM_TOP/I_SDRAM_IF/U660/A2
                                0.50           0.51          -0.01  (VIOLATED)
       PIN :   I_SDRAM_TOP/I_SDRAM_IF/U3082/A3
                                0.50           0.51          -0.01  (VIOLATED)
       PIN :   I_SDRAM_TOP/I_SDRAM_IF/U3576/A3
                                0.50           0.51          -0.01  (VIOLATED)
       PIN :   I_SDRAM_TOP/I_SDRAM_IF/U7669/A3
                                0.50           0.51          -0.01  (VIOLATED)
       PIN :   I_SDRAM_TOP/I_SDRAM_IF/U8961/A3
                                0.50           0.51          -0.01  (VIOLATED)
       PIN :   I_SDRAM_TOP/I_SDRAM_IF/U6272/A3
                                0.50           0.51          -0.01  (VIOLATED)
       PIN :   I_SDRAM_TOP/I_SDRAM_IF/U9346/A3
                                0.50           0.51          -0.01  (VIOLATED)
       PIN :   I_SDRAM_TOP/I_SDRAM_IF/U9123/A3
                                0.50           0.51          -0.01  (VIOLATED)
       PIN :   I_SDRAM_TOP/I_SDRAM_IF/U6822/A3
                                0.50           0.51          -0.01  (VIOLATED)
       PIN :   I_SDRAM_TOP/I_SDRAM_IF/U9658/A3
                                0.50           0.51          -0.01  (VIOLATED)
       PIN :   I_SDRAM_TOP/I_SDRAM_IF/U5933/A3
                                0.50           0.51          -0.01  (VIOLATED)
       PIN :   I_SDRAM_TOP/I_SDRAM_IF/U7286/A3
                                0.50           0.51          -0.01  (VIOLATED)
       PIN :   I_SDRAM_TOP/I_SDRAM_IF/U9404/A1
                                0.50           0.51          -0.01  (VIOLATED)
       PIN :   I_SDRAM_TOP/I_SDRAM_IF/U11419/A1
                                0.50           0.51          -0.01  (VIOLATED)
       PIN :   I_SDRAM_TOP/I_SDRAM_IF/U3005/Y
                                0.50           0.51          -0.01  (VIOLATED)
   I_SDRAM_TOP/I_SDRAM_IF/n7968
                                0.50           0.51          -0.01  (VIOLATED)
       PIN :   I_SDRAM_TOP/I_SDRAM_IF/U3045/A3
                                0.50           0.51          -0.01  (VIOLATED)
       PIN :   I_SDRAM_TOP/I_SDRAM_IF/U4501/A3
                                0.50           0.51          -0.01  (VIOLATED)
       PIN :   I_SDRAM_TOP/I_SDRAM_IF/U5511/A3
                                0.50           0.51          -0.01  (VIOLATED)
       PIN :   I_SDRAM_TOP/I_SDRAM_IF/U6279/A3
                                0.50           0.51          -0.01  (VIOLATED)
       PIN :   I_SDRAM_TOP/I_SDRAM_IF/U9542/A3
                                0.50           0.51          -0.01  (VIOLATED)
       PIN :   I_SDRAM_TOP/I_SDRAM_IF/U9783/A3
                                0.50           0.51          -0.01  (VIOLATED)
       PIN :   I_SDRAM_TOP/I_SDRAM_IF/U4335/A3
                                0.50           0.51          -0.01  (VIOLATED)
       PIN :   I_SDRAM_TOP/I_SDRAM_IF/U10505/A3
                                0.50           0.51          -0.01  (VIOLATED)
       PIN :   I_SDRAM_TOP/I_SDRAM_IF/U9092/A3
                                0.50           0.51          -0.01  (VIOLATED)
       PIN :   I_SDRAM_TOP/I_SDRAM_IF/U4597/A3
                                0.50           0.51          -0.01  (VIOLATED)
       PIN :   I_SDRAM_TOP/I_SDRAM_IF/U4180/A3
                                0.50           0.51          -0.01  (VIOLATED)
       PIN :   I_SDRAM_TOP/I_SDRAM_IF/U5077/A1
                                0.50           0.51          -0.01  (VIOLATED)
       PIN :   I_SDRAM_TOP/I_SDRAM_IF/U3569/A1
                                0.50           0.51          -0.01  (VIOLATED)
       PIN :   I_SDRAM_TOP/I_SDRAM_IF/U6216/A1
                                0.50           0.51          -0.01  (VIOLATED)
       PIN :   I_SDRAM_TOP/I_SDRAM_IF/U8960/Y
                                0.50           0.51          -0.01  (VIOLATED)
   I_SDRAM_TOP/I_SDRAM_IF/n7234
                                0.50           0.51          -0.01  (VIOLATED)
       PIN :   I_SDRAM_TOP/I_SDRAM_IF/U9907/A3
                                0.50           0.51          -0.01  (VIOLATED)
       PIN :   I_SDRAM_TOP/I_SDRAM_IF/U8920/A3
                                0.50           0.51          -0.01  (VIOLATED)
       PIN :   I_SDRAM_TOP/I_SDRAM_IF/U9652/A3
                                0.50           0.51          -0.01  (VIOLATED)
       PIN :   I_SDRAM_TOP/I_SDRAM_IF/U5073/A3
                                0.50           0.51          -0.01  (VIOLATED)
       PIN :   I_SDRAM_TOP/I_SDRAM_IF/U4986/A3
                                0.50           0.51          -0.01  (VIOLATED)
       PIN :   I_SDRAM_TOP/I_SDRAM_IF/U3407/A3
                                0.50           0.51          -0.01  (VIOLATED)
       PIN :   I_SDRAM_TOP/I_SDRAM_IF/U7924/A3
                                0.50           0.51          -0.01  (VIOLATED)
       PIN :   I_SDRAM_TOP/I_SDRAM_IF/U5524/A3
                                0.50           0.51          -0.01  (VIOLATED)
       PIN :   I_SDRAM_TOP/I_SDRAM_IF/U5433/A3
                                0.50           0.51          -0.01  (VIOLATED)
       PIN :   I_SDRAM_TOP/I_SDRAM_IF/U8973/A3
                                0.50           0.51          -0.01  (VIOLATED)
       PIN :   I_SDRAM_TOP/I_SDRAM_IF/U153/A2
                                0.50           0.51          -0.01  (VIOLATED)
       PIN :   I_SDRAM_TOP/I_SDRAM_IF/U1569/A2
                                0.50           0.51          -0.01  (VIOLATED)
       PIN :   I_SDRAM_TOP/I_SDRAM_IF/U11300/A1
                                0.50           0.51          -0.01  (VIOLATED)
       PIN :   I_SDRAM_TOP/I_SDRAM_IF/U1124/A2
                                0.50           0.51          -0.01  (VIOLATED)
       PIN :   I_SDRAM_TOP/I_SDRAM_IF/U3242/Y
                                0.50           0.51          -0.01  (VIOLATED)
   I_SDRAM_TOP/I_SDRAM_IF/n8197
                                0.50           0.51          -0.01  (VIOLATED)
       PIN :   I_SDRAM_TOP/I_SDRAM_IF/U459/A4
                                0.50           0.51          -0.01  (VIOLATED)
       PIN :   I_SDRAM_TOP/I_SDRAM_IF/U458/A4
                                0.50           0.51          -0.01  (VIOLATED)
       PIN :   I_SDRAM_TOP/I_SDRAM_IF/U3032/A3
                                0.50           0.51          -0.01  (VIOLATED)
       PIN :   I_SDRAM_TOP/I_SDRAM_IF/U9964/A3
                                0.50           0.51          -0.01  (VIOLATED)
       PIN :   I_SDRAM_TOP/I_SDRAM_IF/U9224/A3
                                0.50           0.51          -0.01  (VIOLATED)
       PIN :   I_SDRAM_TOP/I_SDRAM_IF/U9767/A3
                                0.50           0.51          -0.01  (VIOLATED)
       PIN :   I_SDRAM_TOP/I_SDRAM_IF/U4925/A3
                                0.50           0.51          -0.01  (VIOLATED)
       PIN :   I_SDRAM_TOP/I_SDRAM_IF/U3450/A3
                                0.50           0.51          -0.01  (VIOLATED)
       PIN :   I_SDRAM_TOP/I_SDRAM_IF/U5818/A3
                                0.50           0.51          -0.01  (VIOLATED)
       PIN :   I_SDRAM_TOP/I_SDRAM_IF/U9441/A3
                                0.50           0.51          -0.01  (VIOLATED)
       PIN :   I_SDRAM_TOP/I_SDRAM_IF/U8227/A3
                                0.50           0.51          -0.01  (VIOLATED)
       PIN :   I_SDRAM_TOP/I_SDRAM_IF/U9213/A3
                                0.50           0.51          -0.01  (VIOLATED)
       PIN :   I_SDRAM_TOP/I_SDRAM_IF/U460/A2
                                0.50           0.51          -0.01  (VIOLATED)
       PIN :   I_SDRAM_TOP/I_SDRAM_IF/U3599/A1
                                0.50           0.51          -0.01  (VIOLATED)
       PIN :   I_SDRAM_TOP/I_SDRAM_IF/U3238/Y
                                0.50           0.51          -0.01  (VIOLATED)
   I_SDRAM_TOP/I_SDRAM_IF/n7972
                                0.50           0.51          -0.01  (VIOLATED)
       PIN :   I_SDRAM_TOP/I_SDRAM_IF/U3084/A3
                                0.50           0.51          -0.01  (VIOLATED)
       PIN :   I_SDRAM_TOP/I_SDRAM_IF/U5053/A3
                                0.50           0.51          -0.01  (VIOLATED)
       PIN :   I_SDRAM_TOP/I_SDRAM_IF/U4355/A3
                                0.50           0.51          -0.01  (VIOLATED)
       PIN :   I_SDRAM_TOP/I_SDRAM_IF/U11701/A3
                                0.50           0.51          -0.01  (VIOLATED)
       PIN :   I_SDRAM_TOP/I_SDRAM_IF/U6919/A3
                                0.50           0.51          -0.01  (VIOLATED)
       PIN :   I_SDRAM_TOP/I_SDRAM_IF/U6250/A3
                                0.50           0.51          -0.01  (VIOLATED)
       PIN :   I_SDRAM_TOP/I_SDRAM_IF/U5261/A3
                                0.50           0.51          -0.01  (VIOLATED)
       PIN :   I_SDRAM_TOP/I_SDRAM_IF/U9545/A3
                                0.50           0.51          -0.01  (VIOLATED)
       PIN :   I_SDRAM_TOP/I_SDRAM_IF/U6681/A3
                                0.50           0.51          -0.01  (VIOLATED)
       PIN :   I_SDRAM_TOP/I_SDRAM_IF/U152/A2
                                0.50           0.51          -0.01  (VIOLATED)
       PIN :   I_SDRAM_TOP/I_SDRAM_IF/U11279/A1
                                0.50           0.51          -0.01  (VIOLATED)
       PIN :   I_SDRAM_TOP/I_SDRAM_IF/U6814/A1
                                0.50           0.51          -0.01  (VIOLATED)
       PIN :   I_SDRAM_TOP/I_SDRAM_IF/U6498/A1
                                0.50           0.51          -0.01  (VIOLATED)
       PIN :   I_SDRAM_TOP/I_SDRAM_IF/U9320/A3
                                0.50           0.51          -0.01  (VIOLATED)
       PIN :   I_SDRAM_TOP/I_SDRAM_IF/U3006/Y
                                0.50           0.51          -0.01  (VIOLATED)
   I_SDRAM_TOP/I_SDRAM_IF/n9057
                                0.50           0.51          -0.01  (VIOLATED)
       PIN :   I_SDRAM_TOP/I_SDRAM_IF/U2712/A2
                                0.50           0.51          -0.01  (VIOLATED)
       PIN :   I_SDRAM_TOP/I_SDRAM_IF/U11184/A3
                                0.50           0.51          -0.01  (VIOLATED)
       PIN :   I_SDRAM_TOP/I_SDRAM_IF/U9060/A3
                                0.50           0.51          -0.01  (VIOLATED)
       PIN :   I_SDRAM_TOP/I_SDRAM_IF/U9469/A3
                                0.50           0.51          -0.01  (VIOLATED)
       PIN :   I_SDRAM_TOP/I_SDRAM_IF/U10573/A3
                                0.50           0.51          -0.01  (VIOLATED)
       PIN :   I_SDRAM_TOP/I_SDRAM_IF/U9703/A3
                                0.50           0.51          -0.01  (VIOLATED)
       PIN :   I_SDRAM_TOP/I_SDRAM_IF/U10825/A3
                                0.50           0.51          -0.01  (VIOLATED)
       PIN :   I_SDRAM_TOP/I_SDRAM_IF/U4254/A3
                                0.50           0.51          -0.01  (VIOLATED)
       PIN :   I_SDRAM_TOP/I_SDRAM_IF/U9978/A3
                                0.50           0.51          -0.01  (VIOLATED)
       PIN :   I_SDRAM_TOP/I_SDRAM_IF/U7800/A3
                                0.50           0.51          -0.01  (VIOLATED)
       PIN :   I_SDRAM_TOP/I_SDRAM_IF/U4258/A1
                                0.50           0.51          -0.01  (VIOLATED)
       PIN :   I_SDRAM_TOP/I_SDRAM_IF/U6868/A1
                                0.50           0.51          -0.01  (VIOLATED)
       PIN :   I_SDRAM_TOP/I_SDRAM_IF/U1389/A2
                                0.50           0.51          -0.01  (VIOLATED)
       PIN :   I_SDRAM_TOP/I_SDRAM_IF/U1419/A2
                                0.50           0.51          -0.01  (VIOLATED)
       PIN :   I_SDRAM_TOP/I_SDRAM_IF/U4093/Y
                                0.50           0.51          -0.01  (VIOLATED)
   I_SDRAM_TOP/I_SDRAM_IF/n8126
                                0.50           0.50           0.00  (VIOLATED: increase significant digits)
   I_SDRAM_TOP/I_SDRAM_IF/n7785
                                0.50           0.50           0.00  (VIOLATED: increase significant digits)
   I_SDRAM_TOP/I_SDRAM_IF/n3660
                                0.50           0.50           0.00  (VIOLATED: increase significant digits)
   I_BLENDER_0/n6991            0.50           0.50           0.00  (VIOLATED: increase significant digits)

   -----------------------------------------------------------------
   Total                      40                 -0.68  

   max_capacitance

                             Required        Actual
   Net                      Capacitance    Capacitance       Slack
   -----------------------------------------------------------------
   I_BLENDER_0/s2_op2[12]       8.00           9.13          -1.13  (VIOLATED)

   -----------------------------------------------------------------
   Total                      1                  -1.13  

   max_leakage_power

                             Required        Actual
   Design                   Leakage Power  Leakage Power     Slack
   -----------------------------------------------------------------
   ORCA_TOP                     0.00       228401232.00   -228401232.00
                                                                    (VIOLATED)


1
