****************************************
Report : annotated_parasitics
	-check
	-internal_nets
	-boundary_nets
Design : ORCA_TOP
Version: O-2018.06
Date   : Sat May 20 23:07:42 2023
****************************************

                    |         |         |         |   RC    | Coupled |   Not   |
Net Type            |  Total  | Lumped  |  RC pi  | network | network |Annotated|
--------------------+---------+---------+---------+---------+---------+---------+
Internal nets       |         |         |         |         |         |         |
  - Pin to pin nets |   48626 |       0 |       0 |       0 |       0 |   48626 |
  - Driverless nets |    1131 |       0 |       0 |       0 |       0 |    1131 |
  - Loadless nets   |      16 |       0 |       0 |       0 |       0 |      16 |
--------------------+---------+---------+---------+---------+---------+---------+
Boundary/port nets  |         |         |         |         |         |         |
  - Pin to pin nets |     173 |       0 |       0 |       0 |       0 |     173 |
  - Driverless nets |       0 |       0 |       0 |       0 |       0 |       0 |
  - Loadless nets   |      14 |       0 |       0 |       0 |       0 |      14 |
--------------------+---------+---------+---------+---------+---------+---------+
                    |   49960 |       0 |       0 |       0 |       0 |   49960 |

1
