****************************************
Report : constraint
	-all_violators
	-path slack_only
Design : ORCA_TOP
Version: O-2018.06
Date   : Sun May 28 01:51:04 2023
****************************************


   max_delay/setup ('PCI_CLK' group)

   Endpoint                                                  Slack
   -----------------------------------------------------------------
   I_PCI_TOP/I_PCI_CORE_mega_shift_reg_1__30_/D             -0.013  (VIOLATED)
   I_PCI_TOP/I_PCI_CORE_mega_shift_reg_4__28_/D             -0.011  (VIOLATED)
   I_PCI_TOP/I_PCI_CORE_mega_shift_reg_1__31_/D             -0.001  (VIOLATED)

   max_delay/setup ('SDRAM_CLK' group)

   Endpoint                                                  Slack
   -----------------------------------------------------------------
   I_SDRAM_TOP/I_SDRAM_IF/DQ_in_0_reg_9_/D                  -0.062  (VIOLATED)
   I_SDRAM_TOP/I_SDRAM_IF/mega_shift_1_reg_26__19_/D        -0.061  (VIOLATED)
   I_SDRAM_TOP/I_SDRAM_IF/DQ_in_0_reg_16_/D                 -0.053  (VIOLATED)
   I_SDRAM_TOP/I_SDRAM_IF/mega_shift_0_reg_18__11_/D        -0.048  (VIOLATED)
   occ_int2/U_clk_control_i_1/U_cycle_ctr_i/tercnt_n_reg_reg/D
                                                            -0.045  (VIOLATED)
   I_SDRAM_TOP/I_SDRAM_IF/DQ_in_0_reg_29_/D                 -0.041  (VIOLATED)
   I_SDRAM_TOP/I_SDRAM_IF/mega_shift_0_reg_16__15_/D        -0.039  (VIOLATED)
   I_SDRAM_TOP/I_SDRAM_IF/mega_shift_1_reg_29__26_/D        -0.038  (VIOLATED)
   I_SDRAM_TOP/I_SDRAM_IF/mega_shift_1_reg_26__15_/D        -0.034  (VIOLATED)
   I_SDRAM_TOP/I_SDRAM_IF/DQ_in_0_reg_13_/D                 -0.031  (VIOLATED)
   I_SDRAM_TOP/I_SDRAM_IF/DQ_in_0_reg_11_/D                 -0.028  (VIOLATED)
   I_SDRAM_TOP/I_SDRAM_IF/mega_shift_1_reg_26__18_/D        -0.028  (VIOLATED)
   I_SDRAM_TOP/I_SDRAM_IF/mega_shift_1_reg_24__1_/D         -0.027  (VIOLATED)
   I_SDRAM_TOP/I_SDRAM_IF/mega_shift_1_reg_38__15_/D        -0.026  (VIOLATED)
   I_SDRAM_TOP/I_SDRAM_IF/DQ_in_0_reg_8_/D                  -0.024  (VIOLATED)
   I_SDRAM_TOP/I_SDRAM_IF/mega_shift_1_reg_13__13_/D        -0.024  (VIOLATED)
   I_SDRAM_TOP/I_SDRAM_IF/DQ_in_0_reg_0_/D                  -0.024  (VIOLATED)
   I_SDRAM_TOP/I_SDRAM_IF/mega_shift_1_reg_37__11_/D        -0.023  (VIOLATED)
   I_SDRAM_TOP/I_SDRAM_IF/mega_shift_1_reg_13__27_/D        -0.022  (VIOLATED)
   I_SDRAM_TOP/I_SDRAM_IF/mega_shift_1_reg_36__29_/D        -0.022  (VIOLATED)
   I_SDRAM_TOP/I_SDRAM_IF/mega_shift_1_reg_21__24_/D        -0.022  (VIOLATED)
   I_SDRAM_TOP/I_SDRAM_IF/mega_shift_1_reg_24__9_/D         -0.021  (VIOLATED)
   I_SDRAM_TOP/I_SDRAM_IF/mega_shift_1_reg_7__29_/D         -0.021  (VIOLATED)
   I_SDRAM_TOP/I_SDRAM_IF/mega_shift_1_reg_16__14_/D        -0.020  (VIOLATED)
   I_SDRAM_TOP/I_SDRAM_IF/mega_shift_1_reg_14__25_/D        -0.020  (VIOLATED)
   I_SDRAM_TOP/I_SDRAM_IF/mega_shift_1_reg_11__31_/D        -0.019  (VIOLATED)
   I_SDRAM_TOP/I_SDRAM_IF/mega_shift_1_reg_35__0_/D         -0.019  (VIOLATED)
   I_SDRAM_TOP/I_SDRAM_IF/mega_shift_1_reg_35__25_/D        -0.019  (VIOLATED)
   I_SDRAM_TOP/I_SDRAM_IF/mega_shift_1_reg_11__3_/D         -0.019  (VIOLATED)
   I_SDRAM_TOP/I_SDRAM_IF/mega_shift_1_reg_27__12_/D        -0.019  (VIOLATED)
   I_SDRAM_TOP/I_SDRAM_IF/mega_shift_1_reg_34__26_/D        -0.018  (VIOLATED)
   I_SDRAM_TOP/I_SDRAM_IF/mega_shift_1_reg_34__31_/D        -0.018  (VIOLATED)
   I_SDRAM_TOP/I_SDRAM_IF/mega_shift_1_reg_15__13_/D        -0.018  (VIOLATED)
   I_SDRAM_TOP/I_SDRAM_IF/mega_shift_1_reg_16__12_/D        -0.018  (VIOLATED)
   I_SDRAM_TOP/I_SDRAM_IF/mega_shift_1_reg_38__5_/D         -0.017  (VIOLATED)
   I_SDRAM_TOP/I_SDRAM_IF/mega_shift_1_reg_36__8_/D         -0.017  (VIOLATED)
   I_SDRAM_TOP/I_SDRAM_IF/mega_shift_1_reg_20__8_/D         -0.017  (VIOLATED)
   I_SDRAM_TOP/I_SDRAM_IF/mega_shift_0_reg_0__8_/D          -0.017  (VIOLATED)
   I_SDRAM_TOP/I_SDRAM_IF/mega_shift_1_reg_39__13_/D        -0.017  (VIOLATED)
   I_SDRAM_TOP/I_SDRAM_IF/mega_shift_1_reg_19__20_/D        -0.017  (VIOLATED)
   I_SDRAM_TOP/I_SDRAM_IF/mega_shift_1_reg_18__27_/D        -0.017  (VIOLATED)
   I_SDRAM_TOP/I_SDRAM_IF/mega_shift_1_reg_3__6_/D          -0.017  (VIOLATED)
   I_SDRAM_TOP/I_SDRAM_IF/mega_shift_1_reg_10__27_/D        -0.016  (VIOLATED)
   I_SDRAM_TOP/I_SDRAM_IF/mega_shift_1_reg_36__21_/D        -0.016  (VIOLATED)
   I_SDRAM_TOP/I_SDRAM_IF/mega_shift_1_reg_34__30_/D        -0.016  (VIOLATED)
   I_SDRAM_TOP/I_SDRAM_IF/mega_shift_1_reg_9__15_/D         -0.016  (VIOLATED)
   I_SDRAM_TOP/I_SDRAM_IF/mega_shift_0_reg_34__0_/D         -0.015  (VIOLATED)
   I_SDRAM_TOP/I_SDRAM_IF/mega_shift_1_reg_14__4_/D         -0.015  (VIOLATED)
   I_SDRAM_TOP/I_SDRAM_IF/mega_shift_1_reg_3__20_/D         -0.015  (VIOLATED)
   I_SDRAM_TOP/I_SDRAM_IF/mega_shift_1_reg_1__12_/D         -0.015  (VIOLATED)
   I_SDRAM_TOP/I_SDRAM_IF/mega_shift_1_reg_27__3_/D         -0.015  (VIOLATED)
   I_SDRAM_TOP/I_SDRAM_IF/mega_shift_0_reg_0__11_/D         -0.015  (VIOLATED)
   I_SDRAM_TOP/I_SDRAM_IF/mega_shift_1_reg_17__6_/D         -0.015  (VIOLATED)
   I_SDRAM_TOP/I_SDRAM_IF/mega_shift_0_reg_18__15_/D        -0.014  (VIOLATED)
   I_SDRAM_TOP/I_SDRAM_IF/mega_shift_1_reg_33__7_/D         -0.014  (VIOLATED)
   I_SDRAM_TOP/I_SDRAM_IF/mega_shift_1_reg_32__16_/D        -0.014  (VIOLATED)
   I_SDRAM_TOP/I_SDRAM_IF/mega_shift_1_reg_9__19_/D         -0.014  (VIOLATED)
   I_SDRAM_TOP/I_SDRAM_IF/R_10/D                            -0.013  (VIOLATED)
   I_SDRAM_TOP/I_SDRAM_IF/mega_shift_1_reg_15__12_/D        -0.013  (VIOLATED)
   I_SDRAM_TOP/I_SDRAM_IF/DQ_in_0_reg_20_/D                 -0.013  (VIOLATED)
   I_SDRAM_TOP/I_SDRAM_IF/mega_shift_1_reg_22__13_/D        -0.013  (VIOLATED)
   I_SDRAM_TOP/I_SDRAM_IF/mega_shift_0_reg_10__4_/D         -0.012  (VIOLATED)
   I_SDRAM_TOP/I_SDRAM_IF/mega_shift_1_reg_14__12_/D        -0.012  (VIOLATED)
   I_SDRAM_TOP/I_SDRAM_IF/mega_shift_1_reg_26__17_/D        -0.012  (VIOLATED)
   I_SDRAM_TOP/I_SDRAM_IF/DQ_in_0_reg_6_/D                  -0.011  (VIOLATED)
   I_SDRAM_TOP/I_SDRAM_IF/mega_shift_1_reg_3__25_/D         -0.011  (VIOLATED)
   I_SDRAM_TOP/I_SDRAM_IF/mega_shift_1_reg_11__27_/D        -0.011  (VIOLATED)
   I_SDRAM_TOP/I_SDRAM_IF/mega_shift_1_reg_28__20_/D        -0.011  (VIOLATED)
   I_SDRAM_TOP/I_SDRAM_IF/mega_shift_1_reg_38__8_/D         -0.011  (VIOLATED)
   I_SDRAM_TOP/I_SDRAM_IF/mega_shift_0_reg_30__25_/D        -0.010  (VIOLATED)
   I_SDRAM_TOP/I_SDRAM_IF/mega_shift_1_reg_25__23_/D        -0.010  (VIOLATED)
   I_SDRAM_TOP/I_SDRAM_IF/mega_shift_1_reg_7__6_/D          -0.010  (VIOLATED)
   I_SDRAM_TOP/I_SDRAM_IF/mega_shift_1_reg_9__23_/D         -0.010  (VIOLATED)
   I_SDRAM_TOP/I_SDRAM_IF/mega_shift_1_reg_6__3_/D          -0.010  (VIOLATED)
   I_SDRAM_TOP/I_SDRAM_IF/mega_shift_1_reg_32__10_/D        -0.009  (VIOLATED)
   I_SDRAM_TOP/I_SDRAM_IF/mega_shift_0_reg_2__19_/D         -0.009  (VIOLATED)
   I_SDRAM_TOP/I_SDRAM_IF/mega_shift_1_reg_9__16_/D         -0.009  (VIOLATED)
   I_SDRAM_TOP/I_SDRAM_IF/mega_shift_1_reg_15__28_/D        -0.009  (VIOLATED)
   I_SDRAM_TOP/I_SDRAM_IF/mega_shift_1_reg_10__0_/D         -0.009  (VIOLATED)
   I_SDRAM_TOP/I_SDRAM_IF/mega_shift_0_reg_3__18_/D         -0.009  (VIOLATED)
   I_SDRAM_TOP/I_SDRAM_IF/mega_shift_1_reg_13__2_/D         -0.009  (VIOLATED)
   I_SDRAM_TOP/I_SDRAM_IF/mega_shift_1_reg_12__20_/D        -0.008  (VIOLATED)
   I_SDRAM_TOP/I_SDRAM_IF/mega_shift_1_reg_32__22_/D        -0.008  (VIOLATED)
   I_SDRAM_TOP/I_SDRAM_IF/mega_shift_1_reg_24__22_/D        -0.008  (VIOLATED)
   I_SDRAM_TOP/I_SDRAM_IF/mega_shift_1_reg_13__15_/D        -0.008  (VIOLATED)
   I_SDRAM_TOP/I_SDRAM_IF/mega_shift_1_reg_17__16_/D        -0.008  (VIOLATED)
   I_SDRAM_TOP/I_SDRAM_IF/mega_shift_1_reg_11__16_/D        -0.008  (VIOLATED)
   I_SDRAM_TOP/I_SDRAM_IF/mega_shift_1_reg_14__18_/D        -0.008  (VIOLATED)
   I_SDRAM_TOP/I_SDRAM_IF/DQ_in_0_reg_31_/D                 -0.008  (VIOLATED)
   I_SDRAM_TOP/I_SDRAM_IF/mega_shift_1_reg_38__10_/D        -0.008  (VIOLATED)
   I_SDRAM_TOP/I_SDRAM_IF/mega_shift_1_reg_6__27_/D         -0.008  (VIOLATED)
   I_SDRAM_TOP/I_SDRAM_IF/DQ_in_0_reg_23_/D                 -0.007  (VIOLATED)
   I_SDRAM_TOP/I_SDRAM_IF/mega_shift_1_reg_24__21_/D        -0.007  (VIOLATED)
   I_SDRAM_TOP/I_SDRAM_IF/mega_shift_1_reg_14__24_/D        -0.007  (VIOLATED)
   I_SDRAM_TOP/I_SDRAM_IF/mega_shift_1_reg_8__2_/D          -0.007  (VIOLATED)
   I_SDRAM_TOP/I_SDRAM_IF/mega_shift_1_reg_17__8_/D         -0.007  (VIOLATED)
   I_SDRAM_TOP/I_SDRAM_IF/mega_shift_1_reg_27__21_/D        -0.007  (VIOLATED)
   I_SDRAM_TOP/I_SDRAM_IF/mega_shift_1_reg_36__9_/D         -0.007  (VIOLATED)
   I_SDRAM_TOP/I_SDRAM_IF/mega_shift_1_reg_15__7_/D         -0.007  (VIOLATED)
   I_SDRAM_TOP/I_SDRAM_IF/mega_shift_1_reg_0__25_/D         -0.007  (VIOLATED)
   I_SDRAM_TOP/I_SDRAM_IF/mega_shift_1_reg_33__14_/D        -0.006  (VIOLATED)
   I_SDRAM_TOP/I_SDRAM_IF/mega_shift_1_reg_35__23_/D        -0.006  (VIOLATED)
   I_SDRAM_TOP/I_SDRAM_IF/mega_shift_1_reg_0__10_/D         -0.006  (VIOLATED)
   I_SDRAM_TOP/I_SDRAM_IF/mega_shift_0_reg_29__23_/D        -0.006  (VIOLATED)
   I_SDRAM_TOP/I_SDRAM_IF/mega_shift_1_reg_37__18_/D        -0.006  (VIOLATED)
   I_SDRAM_TOP/I_SDRAM_IF/mega_shift_1_reg_0__21_/D         -0.006  (VIOLATED)
   I_SDRAM_TOP/I_SDRAM_IF/mega_shift_1_reg_14__21_/D        -0.005  (VIOLATED)
   I_SDRAM_TOP/I_SDRAM_IF/mega_shift_1_reg_36__17_/D        -0.005  (VIOLATED)
   I_SDRAM_TOP/I_SDRAM_IF/mega_shift_1_reg_20__6_/D         -0.005  (VIOLATED)
   I_SDRAM_TOP/I_SDRAM_IF/mega_shift_1_reg_19__6_/D         -0.005  (VIOLATED)
   I_SDRAM_TOP/I_SDRAM_IF/mega_shift_1_reg_4__6_/D          -0.005  (VIOLATED)
   I_SDRAM_TOP/I_SDRAM_IF/mega_shift_1_reg_37__17_/D        -0.005  (VIOLATED)
   I_SDRAM_TOP/I_SDRAM_IF/mega_shift_1_reg_14__17_/D        -0.005  (VIOLATED)
   I_SDRAM_TOP/I_SDRAM_IF/mega_shift_1_reg_6__9_/D          -0.005  (VIOLATED)
   I_SDRAM_TOP/I_SDRAM_IF/mega_shift_1_reg_2__18_/D         -0.005  (VIOLATED)
   I_SDRAM_TOP/I_SDRAM_IF/mega_shift_1_reg_3__18_/D         -0.005  (VIOLATED)
   I_SDRAM_TOP/I_SDRAM_IF/mega_shift_1_reg_19__0_/D         -0.005  (VIOLATED)
   I_SDRAM_TOP/I_SDRAM_IF/mega_shift_1_reg_14__3_/D         -0.005  (VIOLATED)
   I_SDRAM_TOP/I_SDRAM_IF/mega_shift_0_reg_21__27_/D        -0.005  (VIOLATED)
   I_SDRAM_TOP/I_SDRAM_IF/mega_shift_0_reg_21__31_/D        -0.004  (VIOLATED)
   I_SDRAM_TOP/I_SDRAM_IF/mega_shift_1_reg_17__7_/D         -0.004  (VIOLATED)
   I_SDRAM_TOP/I_SDRAM_IF/mega_shift_1_reg_16__3_/D         -0.004  (VIOLATED)
   I_SDRAM_TOP/I_SDRAM_IF/mega_shift_1_reg_6__23_/D         -0.004  (VIOLATED)
   I_SDRAM_TOP/I_SDRAM_IF/mega_shift_1_reg_12__30_/D        -0.004  (VIOLATED)
   I_SDRAM_TOP/I_SDRAM_IF/mega_shift_0_reg_7__10_/D         -0.003  (VIOLATED)
   I_SDRAM_TOP/I_SDRAM_IF/DQ_in_0_reg_10_/D                 -0.003  (VIOLATED)
   I_SDRAM_TOP/I_SDRAM_IF/mega_shift_1_reg_23__16_/D        -0.003  (VIOLATED)
   I_SDRAM_TOP/I_SDRAM_IF/DQ_in_0_reg_30_/D                 -0.003  (VIOLATED)
   I_SDRAM_TOP/I_SDRAM_IF/mega_shift_1_reg_11__9_/D         -0.003  (VIOLATED)
   I_SDRAM_TOP/I_SDRAM_IF/mega_shift_1_reg_2__2_/D          -0.003  (VIOLATED)
   I_SDRAM_TOP/I_SDRAM_IF/mega_shift_1_reg_31__24_/D        -0.003  (VIOLATED)
   I_SDRAM_TOP/I_SDRAM_IF/mega_shift_1_reg_13__16_/D        -0.002  (VIOLATED)
   I_SDRAM_TOP/I_SDRAM_IF/mega_shift_1_reg_30__29_/D        -0.002  (VIOLATED)
   I_SDRAM_TOP/I_SDRAM_IF/mega_shift_1_reg_31__2_/D         -0.002  (VIOLATED)
   I_SDRAM_TOP/I_SDRAM_IF/mega_shift_1_reg_5__15_/D         -0.002  (VIOLATED)
   I_SDRAM_TOP/I_SDRAM_IF/R_17/D                            -0.002  (VIOLATED)
   I_SDRAM_TOP/I_SDRAM_IF/mega_shift_1_reg_15__23_/D        -0.002  (VIOLATED)
   I_SDRAM_TOP/I_SDRAM_IF/mega_shift_1_reg_15__0_/D         -0.002  (VIOLATED)
   I_SDRAM_TOP/I_SDRAM_IF/mega_shift_1_reg_29__14_/D        -0.002  (VIOLATED)
   I_SDRAM_TOP/I_SDRAM_IF/mega_shift_1_reg_26__13_/D        -0.002  (VIOLATED)
   I_SDRAM_TOP/I_SDRAM_IF/mega_shift_1_reg_1__16_/D         -0.002  (VIOLATED)
   I_SDRAM_TOP/I_SDRAM_IF/mega_shift_0_reg_10__23_/D        -0.002  (VIOLATED)
   I_SDRAM_TOP/I_SDRAM_IF/mega_shift_1_reg_0__6_/D          -0.001  (VIOLATED)
   I_SDRAM_TOP/I_SDRAM_IF/mega_shift_1_reg_22__8_/D         -0.001  (VIOLATED)
   I_SDRAM_TOP/I_SDRAM_IF/mega_shift_1_reg_22__15_/D        -0.001  (VIOLATED)
   I_SDRAM_TOP/I_SDRAM_IF/mega_shift_1_reg_32__13_/D        -0.001  (VIOLATED)
   I_SDRAM_TOP/I_SDRAM_IF/mega_shift_1_reg_33__0_/D         -0.001  (VIOLATED)
   I_SDRAM_TOP/I_SDRAM_IF/mega_shift_1_reg_16__9_/D         -0.001  (VIOLATED)
   I_SDRAM_TOP/I_SDRAM_IF/mega_shift_1_reg_34__5_/D         -0.001  (VIOLATED)
   I_SDRAM_TOP/I_SDRAM_IF/mega_shift_1_reg_27__5_/D          0.000  (VIOLATED: increase significant digits)
   I_SDRAM_TOP/I_SDRAM_IF/mega_shift_1_reg_15__27_/D         0.000  (VIOLATED: increase significant digits)
   I_SDRAM_TOP/I_SDRAM_IF/mega_shift_1_reg_13__4_/D          0.000  (VIOLATED: increase significant digits)
   I_SDRAM_TOP/I_SDRAM_IF/mega_shift_1_reg_0__2_/D           0.000  (VIOLATED: increase significant digits)
   I_SDRAM_TOP/I_SDRAM_IF/mega_shift_1_reg_8__23_/D          0.000  (VIOLATED: increase significant digits)
   I_SDRAM_TOP/I_SDRAM_IF/mega_shift_1_reg_0__31_/D          0.000  (VIOLATED: increase significant digits)

   max_delay/setup ('SD_DDR_CLK' group)

   Endpoint                                                  Slack
   -----------------------------------------------------------------
   sd_DQ_out[22]                                            -1.635  (VIOLATED)
   sd_DQ_out[2]                                             -1.591  (VIOLATED)
   sd_DQ_out[27]                                            -1.360  (VIOLATED)
   sd_DQ_out[30]                                            -1.359  (VIOLATED)
   sd_DQ_out[10]                                            -1.284  (VIOLATED)
   sd_DQ_out[18]                                            -1.258  (VIOLATED)
   sd_DQ_out[26]                                            -1.251  (VIOLATED)
   sd_DQ_out[9]                                             -1.191  (VIOLATED)
   sd_DQ_out[12]                                            -1.152  (VIOLATED)
   sd_DQ_out[14]                                            -1.094  (VIOLATED)
   sd_DQ_out[15]                                            -1.049  (VIOLATED)
   sd_DQ_out[16]                                            -1.040  (VIOLATED)
   sd_DQ_out[6]                                             -1.034  (VIOLATED)
   sd_DQ_out[0]                                             -1.018  (VIOLATED)
   sd_DQ_out[19]                                            -1.012  (VIOLATED)
   sd_DQ_out[31]                                            -1.009  (VIOLATED)
   sd_DQ_out[4]                                             -1.004  (VIOLATED)
   sd_DQ_out[24]                                            -0.985  (VIOLATED)
   sd_DQ_out[21]                                            -0.963  (VIOLATED)
   sd_DQ_out[23]                                            -0.962  (VIOLATED)
   sd_DQ_out[3]                                             -0.958  (VIOLATED)
   sd_DQ_out[28]                                            -0.953  (VIOLATED)
   sd_DQ_out[20]                                            -0.946  (VIOLATED)
   sd_DQ_out[13]                                            -0.944  (VIOLATED)
   sd_DQ_out[11]                                            -0.936  (VIOLATED)
   sd_DQ_out[8]                                             -0.935  (VIOLATED)
   sd_DQ_out[29]                                            -0.935  (VIOLATED)
   sd_DQ_out[25]                                            -0.932  (VIOLATED)
   sd_DQ_out[1]                                             -0.924  (VIOLATED)
   sd_DQ_out[5]                                             -0.924  (VIOLATED)
   sd_DQ_out[17]                                            -0.905  (VIOLATED)
   sd_DQ_out[7]                                             -0.902  (VIOLATED)
   sd_A[9]                                                  -0.110  (VIOLATED)
   sd_A[6]                                                  -0.075  (VIOLATED)
   sd_A[8]                                                  -0.007  (VIOLATED)

   max_delay/setup ('SYS_2x_CLK' group)

   Endpoint                                                  Slack
   -----------------------------------------------------------------
   I_RISC_CORE/R_34/D                                       -0.028  (VIOLATED)
   I_RISC_CORE/R_30/D                                       -0.020  (VIOLATED)
   I_RISC_CORE/R_31/D                                       -0.017  (VIOLATED)
   I_RISC_CORE/I_INSTRN_LAT_Crnt_Instrn_2_reg_13_/D         -0.011  (VIOLATED)
   I_RISC_CORE/I_ALU_Lachd_Result_reg_13_/D                 -0.007  (VIOLATED)
   I_RISC_CORE/I_INSTRN_LAT_Crnt_Instrn_2_reg_11_/D         -0.007  (VIOLATED)
   I_RISC_CORE/I_INSTRN_LAT_Crnt_Instrn_2_reg_25_/D         -0.004  (VIOLATED)
   I_RISC_CORE/I_INSTRN_LAT_Crnt_Instrn_2_reg_9_/D          -0.003  (VIOLATED)

   max_delay/setup ('SYS_CLK' group)

   Endpoint                                                  Slack
   -----------------------------------------------------------------
   I_PARSER/i_reg_reg_11_/D                                 -0.038  (VIOLATED)
   I_PARSER/i_reg_reg_4_/D                                  -0.028  (VIOLATED)
   I_PARSER/i_reg_reg_3_/D                                  -0.022  (VIOLATED)
   I_BLENDER_1/R_310/D                                      -0.020  (VIOLATED)
   I_PARSER/i_reg_reg_13_/D                                 -0.018  (VIOLATED)
   I_PARSER/i_reg_reg_17_/D                                 -0.018  (VIOLATED)
   I_BLENDER_0/s4_op1_reg_28_/D                             -0.018  (VIOLATED)
   I_BLENDER_1/R_511/D                                      -0.016  (VIOLATED)
   I_BLENDER_0/s4_op1_reg_30_/D                             -0.015  (VIOLATED)
   I_BLENDER_0/mega_shift_reg_6__17_/D                      -0.015  (VIOLATED)
   I_BLENDER_0/R_553/D                                      -0.014  (VIOLATED)
   I_BLENDER_0/s4_op2_reg_30_/D                             -0.014  (VIOLATED)
   I_BLENDER_1/mega_shift_reg_9__6_/D                       -0.013  (VIOLATED)
   I_BLENDER_1/R_646/D                                      -0.013  (VIOLATED)
   I_SDRAM_TOP/I_SDRAM_READ_FIFO_SD_FIFO_CTL_U2_empty_int_reg/D
                                                            -0.013  (VIOLATED)
   I_BLENDER_1/R_476/D                                      -0.012  (VIOLATED)
   I_BLENDER_1/R_652/D                                      -0.012  (VIOLATED)
   I_BLENDER_0/s4_op1_reg_29_/D                             -0.012  (VIOLATED)
   I_BLENDER_0/mega_shift_reg_10__30_/D                     -0.009  (VIOLATED)
   I_BLENDER_1/R_594/D                                      -0.009  (VIOLATED)
   I_BLENDER_1/s4_op1_reg_18_/D                             -0.009  (VIOLATED)
   I_BLENDER_1/R_395/D                                      -0.008  (VIOLATED)
   I_BLENDER_1/R_271/D                                      -0.008  (VIOLATED)
   I_BLENDER_1/R_273/D                                      -0.008  (VIOLATED)
   I_BLENDER_1/R_410/D                                      -0.008  (VIOLATED)
   I_BLENDER_0/mega_shift_reg_4__23_/D                      -0.006  (VIOLATED)
   I_BLENDER_0/s4_op2_reg_22_/D                             -0.006  (VIOLATED)
   I_BLENDER_0/R_248/D                                      -0.005  (VIOLATED)
   I_BLENDER_1/s4_op1_reg_21_/D                             -0.004  (VIOLATED)
   I_BLENDER_1/R_632/D                                      -0.003  (VIOLATED)
   I_BLENDER_1/R_413/D                                      -0.003  (VIOLATED)
   I_BLENDER_1/R_484/D                                      -0.002  (VIOLATED)
   I_BLENDER_1/R_292/D                                      -0.002  (VIOLATED)
   I_BLENDER_0/R_391/D                                      -0.002  (VIOLATED)
   I_BLENDER_1/s4_op2_reg_19_/D                             -0.001  (VIOLATED)


   recovery

   Endpoint                                                  Slack
   -----------------------------------------------------------------
   I_SDRAM_TOP/I_SDRAM_IF/mega_shift_1_reg_4__14_/RSTB      -0.006  (VIOLATED)
   I_SDRAM_TOP/I_SDRAM_IF/mega_shift_1_reg_4__10_/RSTB      -0.005  (VIOLATED)
   I_SDRAM_TOP/I_SDRAM_IF/mega_shift_1_reg_4__26_/RSTB      -0.005  (VIOLATED)



   sequential_clock_pulse_width

                             Required        Actual
   Pin                      pulse width    pulse width       Slack
   -----------------------------------------------------------------
   I_CLOCKING/sys_2x_rst_ff_reg/CLK (low)
                               1.036          0.952         -0.084  (VIOLATED)


   max_capacitance

                             Required        Actual
   Pin                      Capacitance    Capacitance       Slack
   -----------------------------------------------------------------
   ZBUF_64_inst_53740/Y       82.000        161.985        -79.985  (VIOLATED)
   ZBUF_64_inst_23336/Y       82.000        161.966        -79.966  (VIOLATED)
   HFSBUF_11_233/Y            82.000        118.304        -36.304  (VIOLATED)
   ZBUF_4_inst_53741/Y        82.000        117.665        -35.665  (VIOLATED)
   HFSBUF_11_232/Y            82.000        116.543        -34.543  (VIOLATED)
   ZBUF_4_inst_54758/Y        82.000        116.400        -34.400  (VIOLATED)
   ZBUF_4_inst_53739/Y        82.000        115.700        -33.700  (VIOLATED)
   ZBUF_4_inst_23148/Y        82.000        114.925        -32.925  (VIOLATED)
   ZBUF_4_inst_53742/Y        82.000        114.518        -32.518  (VIOLATED)
   HFSBUF_11_236/Y            82.000        114.395        -32.395  (VIOLATED)
   HFSBUF_11_249/Y            82.000        114.310        -32.310  (VIOLATED)
   HFSBUF_11_242/Y            82.000        113.976        -31.976  (VIOLATED)
   HFSBUF_11_243/Y            82.000        113.772        -31.772  (VIOLATED)
   HFSBUF_11_240/Y            82.000        113.723        -31.723  (VIOLATED)
   ZBUF_4_inst_54759/Y        82.000        112.585        -30.585  (VIOLATED)
   HFSBUF_11_241/Y            82.000        111.926        -29.926  (VIOLATED)
   HFSBUF_11_228/Y            82.000        109.078        -27.078  (VIOLATED)
   HFSBUF_11_252/Y            82.000        108.063        -26.063  (VIOLATED)
   HFSBUF_11_235/Y            82.000        107.814        -25.814  (VIOLATED)
   HFSBUF_11_246/Y            82.000        107.473        -25.473  (VIOLATED)
   HFSBUF_11_234/Y            82.000        107.254        -25.254  (VIOLATED)
   HFSBUF_11_254/Y            82.000        107.143        -25.143  (VIOLATED)
   HFSBUF_11_253/Y            82.000        107.065        -25.065  (VIOLATED)
   HFSBUF_11_245/Y            82.000        106.705        -24.705  (VIOLATED)
   ZBUF_4_inst_54760/Y        82.000        106.691        -24.691  (VIOLATED)
   HFSBUF_11_244/Y            82.000        106.430        -24.430  (VIOLATED)
   ZBUF_4_inst_53743/Y        82.000        106.061        -24.061  (VIOLATED)
   HFSBUF_11_227/Y            82.000        105.856        -23.856  (VIOLATED)
   HFSBUF_11_250/Y            82.000        105.301        -23.301  (VIOLATED)
   HFSBUF_11_248/Y            82.000        104.058        -22.058  (VIOLATED)
   I_BLENDER_0/s3_op1_reg_9_/Q
                              16.000         23.771         -7.771  (VIOLATED)
   I_BLENDER_0/s3_op1_reg_7_/Q
                              16.000         19.264         -3.264  (VIOLATED)
   I_BLENDER_0/U6141/Y        16.000         19.258         -3.258  (VIOLATED)
   occ_int2/cts_buf_646231879/Y
                              82.000         85.014         -3.014  (VIOLATED)
   I_BLENDER_1/s1_op2_reg_27_/Q
                               8.000         10.691         -2.691  (VIOLATED)
   I_BLENDER_1/U6655/Y        16.000         18.172         -2.172  (VIOLATED)
   I_CONTEXT_MEM/U48/Y        32.000         33.842         -1.842  (VIOLATED)
   I_BLENDER_1/R_541/Q        16.000         17.016         -1.016  (VIOLATED)
   I_BLENDER_0/s2_op1_reg_2_/Q
                              16.000         16.409         -0.409  (VIOLATED)
   I_BLENDER_1/R_98/Q         16.000         16.220         -0.220  (VIOLATED)
   I_BLENDER_1/R_752/Q         8.000          8.197         -0.197  (VIOLATED)
   I_SDRAM_TOP/I_SDRAM_IF/mega_shift_0_reg_25__3_/Q
                               8.000          8.065         -0.065  (VIOLATED)


   min_capacitance

                             Required        Actual
   Pin                      Capacitance    Capacitance       Slack
   -----------------------------------------------------------------
   I_RISC_CORE/I_REG_FILE_REG_FILE_B_RAM/O2[0]
                               0.100          0.011         -0.089  (VIOLATED)
   I_RISC_CORE/I_REG_FILE_REG_FILE_B_RAM/O2[1]
                               0.100          0.011         -0.089  (VIOLATED)
   I_RISC_CORE/I_REG_FILE_REG_FILE_B_RAM/O2[2]
                               0.100          0.011         -0.089  (VIOLATED)
   I_RISC_CORE/I_REG_FILE_REG_FILE_B_RAM/O2[3]
                               0.100          0.011         -0.089  (VIOLATED)
   I_RISC_CORE/I_REG_FILE_REG_FILE_B_RAM/O2[4]
                               0.100          0.011         -0.089  (VIOLATED)
   I_RISC_CORE/I_REG_FILE_REG_FILE_B_RAM/O2[5]
                               0.100          0.011         -0.089  (VIOLATED)
   I_RISC_CORE/I_REG_FILE_REG_FILE_B_RAM/O2[6]
                               0.100          0.011         -0.089  (VIOLATED)
   I_RISC_CORE/I_REG_FILE_REG_FILE_B_RAM/O2[7]
                               0.100          0.011         -0.089  (VIOLATED)
   I_RISC_CORE/I_REG_FILE_REG_FILE_D_RAM/O2[8]
                               0.100          0.011         -0.089  (VIOLATED)
   I_RISC_CORE/I_REG_FILE_REG_FILE_D_RAM/O2[9]
                               0.100          0.011         -0.089  (VIOLATED)
   I_RISC_CORE/I_REG_FILE_REG_FILE_D_RAM/O2[10]
                               0.100          0.011         -0.089  (VIOLATED)
   I_RISC_CORE/I_REG_FILE_REG_FILE_D_RAM/O2[11]
                               0.100          0.011         -0.089  (VIOLATED)
   I_RISC_CORE/I_REG_FILE_REG_FILE_D_RAM/O2[12]
                               0.100          0.011         -0.089  (VIOLATED)
   I_RISC_CORE/I_REG_FILE_REG_FILE_D_RAM/O2[13]
                               0.100          0.011         -0.089  (VIOLATED)
   I_RISC_CORE/I_REG_FILE_REG_FILE_D_RAM/O2[14]
                               0.100          0.011         -0.089  (VIOLATED)
   I_RISC_CORE/I_REG_FILE_REG_FILE_D_RAM/O2[15]
                               0.100          0.011         -0.089  (VIOLATED)


   max_transition

                             Required        Actual
   Pin                      Transition     Transition        Slack
   -----------------------------------------------------------------
   I_BLENDER_1/s1_op2_reg_27_/Q
                               0.405          0.502         -0.097  (VIOLATED)
   I_BLENDER_0/s3_op1_reg_7_/Q
                               0.168          0.192         -0.024  (VIOLATED)
   I_BLENDER_1/R_541/Q         0.168          0.177         -0.009  (VIOLATED)
   I_BLENDER_1/R_752/Q         0.137          0.139         -0.001  (VIOLATED)
   I_BLENDER_0/s3_op1_reg_9_/Q
                               0.240          0.241         -0.001  (VIOLATED)


1
