****************************************
Report : analysis_coverage
Design : ORCA_TOP
Version: O-2018.06
Date   : Sat May 27 23:49:40 2023
****************************************

Type of Check         Total              Met         Violated         Untested
--------------------------------------------------------------------------------
setup                 16153         0 (  0%)         0 (  0%)     16153 (100%)
hold                  15993       516 (  3%)      5286 ( 33%)     10191 ( 64%)
recovery               4328         0 (  0%)         0 (  0%)      4328 (100%)
removal                4328         0 (  0%)         0 (  0%)      4328 (100%)
min_pulse_width       14620     10292 ( 70%)         0 (  0%)      4328 ( 30%)
clock_gating_setup       64         0 (  0%)         0 (  0%)        64 (100%)
clock_gating_hold        64         8 ( 13%)         0 (  0%)        56 ( 88%)
out_setup               134         0 (  0%)         0 (  0%)       134 (100%)
out_hold                134        32 ( 24%)         0 (  0%)       102 ( 76%)
--------------------------------------------------------------------------------
All Checks            55818     10848 ( 19%)      5286 (  9%)     39684 ( 71%)

1
