****************************************
Report : analysis_coverage
Design : ORCA_TOP
Version: O-2018.06
Date   : Sat May 27 23:49:38 2023
****************************************

Type of Check         Total              Met         Violated         Untested
--------------------------------------------------------------------------------
setup                 16153         0 (  0%)         0 (  0%)     16153 (100%)
hold                  15993      5779 ( 36%)         0 (  0%)     10214 ( 64%)
recovery               4328         0 (  0%)         0 (  0%)      4328 (100%)
removal                4328         0 (  0%)         0 (  0%)      4328 (100%)
min_pulse_width       14620     10292 ( 70%)         0 (  0%)      4328 ( 30%)
clock_gating_setup       60         0 (  0%)         0 (  0%)        60 (100%)
clock_gating_hold        60        18 ( 30%)         0 (  0%)        42 ( 70%)
out_setup               134         0 (  0%)         0 (  0%)       134 (100%)
out_hold                134       110 ( 82%)         0 (  0%)        24 ( 18%)
--------------------------------------------------------------------------------
All Checks            55810     16199 ( 29%)         0 (  0%)     39611 ( 71%)

1
