****************************************
Report : analysis_coverage
Design : ORCA_TOP
Version: O-2018.06
Date   : Sat May 27 23:49:41 2023
****************************************

Type of Check         Total              Met         Violated         Untested
--------------------------------------------------------------------------------
setup                 16153         0 (  0%)         0 (  0%)     16153 (100%)
hold                  15993      5725 ( 36%)         1 (  0%)     10267 ( 64%)
recovery               4328         0 (  0%)         0 (  0%)      4328 (100%)
removal                4328      3985 ( 92%)         0 (  0%)       343 (  8%)
min_pulse_width       14620     10264 ( 70%)         0 (  0%)      4356 ( 30%)
clock_gating_setup       64         0 (  0%)         0 (  0%)        64 (100%)
clock_gating_hold        64        18 ( 28%)         0 (  0%)        46 ( 72%)
out_setup               134         0 (  0%)         0 (  0%)       134 (100%)
out_hold                134        78 ( 58%)        32 ( 24%)        24 ( 18%)
--------------------------------------------------------------------------------
All Checks            55818     20070 ( 36%)        33 (  0%)     35715 ( 64%)

1
