****************************************
Report : constraint
	-all_violators
	-path slack_only
Design : ORCA_TOP
Version: O-2018.06
Date   : Sat May 27 23:49:33 2023
****************************************




   max_capacitance

                             Required        Actual
   Pin                      Capacitance    Capacitance       Slack
   -----------------------------------------------------------------
   ZBUF_64_inst_53740/Y       82.000        162.304        -80.304  (VIOLATED)
   ZBUF_64_inst_23336/Y       82.000        162.262        -80.262  (VIOLATED)
   occ_int2/cts_buf_646231879/Y
                              82.000        100.484        -18.484  (VIOLATED)
   I_SDRAM_TOP/sram_fixcell_111/Y
                              82.000         95.856        -13.856  (VIOLATED)
   I_BLENDER_0/s3_op1_reg_9_/Q
                              16.000         26.720        -10.720  (VIOLATED)
   I_BLENDER_0/U6141/Y        16.000         22.295         -6.295  (VIOLATED)
   I_CONTEXT_MEM/U48/Y        32.000         37.774         -5.774  (VIOLATED)
   I_BLENDER_0/s3_op1_reg_7_/Q
                              16.000         21.576         -5.576  (VIOLATED)
   I_BLENDER_1/U6655/Y        16.000         21.364         -5.364  (VIOLATED)
   I_SDRAM_TOP/I_SDRAM_IF/ZBUF_1030_inst_25388/Y
                              82.000         86.998         -4.998  (VIOLATED)
   occ_int2/cts_buf_645931876/Y
                              82.000         86.562         -4.562  (VIOLATED)
   I_SDRAM_TOP/I_SDRAM_IF/ZBUF_1984_inst_23081/Y
                              64.000         68.254         -4.254  (VIOLATED)
   I_BLENDER_1/s1_op2_reg_27_/Q
                               8.000         12.213         -4.213  (VIOLATED)
   I_SDRAM_TOP/I_SDRAM_IF/HFSINV_40772_1618/Y
                              64.000         67.599         -3.599  (VIOLATED)
   I_BLENDER_0/HFSINV_1013_1250/Y
                              32.000         35.282         -3.282  (VIOLATED)
   U288/Y                     32.000         35.100         -3.100  (VIOLATED)
   I_BLENDER_1/R_541/Q        16.000         19.069         -3.069  (VIOLATED)
   I_SDRAM_TOP/I_SDRAM_IF/ZBUF_511_inst_25392/Y
                              64.000         67.036         -3.036  (VIOLATED)
   I_BLENDER_0/HFSINV_5081_1819/Y
                              32.000         34.926         -2.926  (VIOLATED)
   I_SDRAM_TOP/I_SDRAM_IF/ZBUF_658_inst_23420/Y
                              64.000         66.746         -2.746  (VIOLATED)
   I_BLENDER_0/HFSINV_1318_1744/Y
                              64.000         66.584         -2.584  (VIOLATED)
   I_SDRAM_TOP/I_SDRAM_IF/HFSBUF_38490_1615/Y
                              64.000         66.549         -2.549  (VIOLATED)
   I_BLENDER_0/U3974/Y        32.000         34.521         -2.521  (VIOLATED)
   I_BLENDER_0/s2_op1_reg_2_/Q
                              16.000         18.472         -2.472  (VIOLATED)
   ZBUF_541_inst_23421/Y      64.000         66.401         -2.401  (VIOLATED)
   I_SDRAM_TOP/I_SDRAM_IF/ZBUF_859_inst_23100/Y
                              64.000         66.327         -2.327  (VIOLATED)
   I_SDRAM_TOP/I_SDRAM_IF/HFSBUF_43888_1177/Y
                              64.000         66.227         -2.227  (VIOLATED)
   I_PCI_TOP/I_PCI_CORE_mega_shift_reg_3__16_/Q
                              16.000         18.225         -2.225  (VIOLATED)
   I_BLENDER_1/R_98/Q         16.000         18.208         -2.208  (VIOLATED)
   I_PARSER/U732/Y            32.000         34.148         -2.148  (VIOLATED)
   U234/Y                     16.000         18.046         -2.046  (VIOLATED)
   I_PCI_TOP/HFSINV_387_1971/Y
                              32.000         34.034         -2.034  (VIOLATED)
   I_BLENDER_1/trans3_reg/Q   16.000         18.022         -2.022  (VIOLATED)
   I_BLENDER_0/s4_op2_reg_26_/Q
                              16.000         17.984         -1.984  (VIOLATED)
   U223/Y                     16.000         17.951         -1.951  (VIOLATED)
   I_SDRAM_TOP/I_SDRAM_IF/HFSINV_24530_1572/Y
                              32.000         33.840         -1.840  (VIOLATED)
   U215/Y                     16.000         17.832         -1.832  (VIOLATED)
   I_SDRAM_TOP/I_SDRAM_IF/HFSBUF_135408_1728/Y
                              32.000         33.767         -1.767  (VIOLATED)
   I_SDRAM_TOP/I_SDRAM_IF/HFSINV_61715_1157/Y
                              32.000         33.748         -1.748  (VIOLATED)
   I_BLENDER_1/HFSINV_312_623/Y
                              32.000         33.670         -1.670  (VIOLATED)
   I_SDRAM_TOP/I_SDRAM_IF/HFSINV_19210_1669/Y
                              32.000         33.655         -1.655  (VIOLATED)
   I_SDRAM_TOP/I_SDRAM_IF/HFSINV_93531_1001/Y
                              32.000         33.618         -1.618  (VIOLATED)
   I_SDRAM_TOP/I_SDRAM_IF/HFSBUF_48620_1020/Y
                              32.000         33.592         -1.592  (VIOLATED)
   I_SDRAM_TOP/I_SDRAM_IF/HFSINV_18099_1581/Y
                              32.000         33.581         -1.581  (VIOLATED)
   I_BLENDER_1/R_542/Q        16.000         17.561         -1.561  (VIOLATED)
   I_SDRAM_TOP/I_SDRAM_IF/HFSBUF_43985_1026/Y
                              32.000         33.535         -1.535  (VIOLATED)
   I_SDRAM_TOP/I_SDRAM_IF/HFSINV_113611_979/Y
                              32.000         33.532         -1.532  (VIOLATED)
   I_SDRAM_TOP/I_SDRAM_IF/HFSBUF_33998_842/Y
                              32.000         33.530         -1.530  (VIOLATED)
   I_BLENDER_1/HFSINV_17314_1285/Y
                              32.000         33.530         -1.530  (VIOLATED)
   I_SDRAM_TOP/I_SDRAM_IF/mega_shift_0_reg_25__3_/Q
                               8.000          9.515         -1.515  (VIOLATED)
   ZBUF_23_inst_53590/Y       32.000         33.488         -1.488  (VIOLATED)
   I_SDRAM_TOP/I_SDRAM_IF/HFSINV_123457_1632/Y
                              32.000         33.476         -1.476  (VIOLATED)
   I_SDRAM_TOP/I_SDRAM_IF/HFSINV_6199_1071/Y
                              32.000         33.451         -1.451  (VIOLATED)
   I_BLENDER_0/HFSINV_923_1236/Y
                              32.000         33.450         -1.450  (VIOLATED)
   I_BLENDER_1/U6632/Y        16.000         17.426         -1.426  (VIOLATED)
   I_SDRAM_TOP/I_SDRAM_IF/HFSINV_23105_1578/Y
                              32.000         33.414         -1.414  (VIOLATED)
   I_SDRAM_TOP/I_SDRAM_IF/HFSBUF_66962_820/Y
                              32.000         33.412         -1.412  (VIOLATED)
   I_SDRAM_TOP/I_SDRAM_IF/HFSINV_38395_1009/Y
                              32.000         33.391         -1.391  (VIOLATED)
   I_SDRAM_TOP/I_SDRAM_IF/HFSINV_96696_996/Y
                              32.000         33.346         -1.346  (VIOLATED)
   I_SDRAM_TOP/I_SDRAM_IF/HFSINV_9146_1070/Y
                              32.000         33.321         -1.321  (VIOLATED)
   I_SDRAM_TOP/I_SDRAM_IF/HFSINV_17321_1049/Y
                              32.000         33.260         -1.260  (VIOLATED)
   I_BLENDER_1/HFSINV_298_595/Y
                              32.000         33.241         -1.241  (VIOLATED)
   I_PCI_TOP/HFSINV_639_2048/Y
                              16.000         17.193         -1.193  (VIOLATED)
   I_SDRAM_TOP/I_SDRAM_IF/HFSBUF_124866_811/Y
                              32.000         33.191         -1.191  (VIOLATED)
   HFSINV_24609_1330/Y        32.000         33.173         -1.173  (VIOLATED)
   I_BLENDER_0/U6040/S        16.000         17.168         -1.168  (VIOLATED)
   I_BLENDER_0/s3_op1_reg_22_/Q
                              16.000         17.135         -1.135  (VIOLATED)
   I_BLENDER_0/trans1_reg/Q    8.000          9.123         -1.123  (VIOLATED)
   I_SDRAM_TOP/I_SDRAM_IF/HFSINV_82374_1569/Y
                              32.000         33.103         -1.103  (VIOLATED)
   I_SDRAM_TOP/I_SDRAM_IF/DQ_out_1_reg_18_/Q
                               8.000          9.064         -1.064  (VIOLATED)
   I_PCI_TOP/I_PCI_CORE_mega_shift_reg_1__4_/QN
                              16.000         17.059         -1.059  (VIOLATED)
   I_PCI_TOP/HFSINV_511_1880/Y
                              16.000         17.055         -1.055  (VIOLATED)
   I_PCI_TOP/I_PCI_CORE_mega_shift_reg_6__1_/QN
                              16.000         17.036         -1.036  (VIOLATED)
   I_SDRAM_TOP/I_SDRAM_IF/mega_shift_1_reg_9__5_/Q
                               8.000          9.025         -1.025  (VIOLATED)
   I_BLENDER_0/s3_op2_reg_15_/Q
                              16.000         17.014         -1.014  (VIOLATED)
   I_BLENDER_1/HFSINV_793_584/Y
                              32.000         33.013         -1.013  (VIOLATED)
   I_SDRAM_TOP/I_SDRAM_IF/HFSINV_70368_1129/Y
                              32.000         32.986         -0.986  (VIOLATED)
   I_BLENDER_1/s1_op1_reg_18_/Q
                               8.000          8.986         -0.986  (VIOLATED)
   I_SDRAM_TOP/I_SDRAM_IF/HFSINV_80296_1718/Y
                              32.000         32.984         -0.984  (VIOLATED)
   I_SDRAM_TOP/I_SDRAM_IF/HFSINV_47119_903/Y
                              32.000         32.973         -0.973  (VIOLATED)
   I_BLENDER_1/HFSINV_872_626/Y
                              32.000         32.963         -0.963  (VIOLATED)
   I_SDRAM_TOP/I_SDRAM_IF/HFSINV_56367_1096/Y
                              32.000         32.952         -0.952  (VIOLATED)
   I_SDRAM_TOP/I_SDRAM_IF/HFSBUF_31153_844/Y
                              32.000         32.942         -0.942  (VIOLATED)
   I_SDRAM_TOP/I_SDRAM_IF/HFSINV_34507_1612/Y
                              32.000         32.929         -0.929  (VIOLATED)
   I_BLENDER_1/R_752/Q         8.000          8.920         -0.920  (VIOLATED)
   I_SDRAM_TOP/I_SDRAM_IF/HFSINV_124490_1634/Y
                              32.000         32.913         -0.913  (VIOLATED)
   I_PCI_TOP/I_PCI_CORE_mega_shift_reg_6__11_/Q
                              16.000         16.898         -0.898  (VIOLATED)
   I_SDRAM_TOP/I_SDRAM_IF/HFSINV_60609_876/Y
                              32.000         32.884         -0.884  (VIOLATED)
   I_BLENDER_0/s3_op2_reg_25_/QN
                              16.000         16.861         -0.861  (VIOLATED)
   I_CONTEXT_MEM/U154/Y       16.000         16.859         -0.859  (VIOLATED)
   I_SDRAM_TOP/I_SDRAM_IF/HFSBUF_26000_1084/Y
                              32.000         32.851         -0.851  (VIOLATED)
   I_BLENDER_1/U9205/Y        32.000         32.838         -0.838  (VIOLATED)
   I_SDRAM_TOP/I_SDRAM_IF/HFSINV_28078_1205/Y
                              16.000         16.825         -0.825  (VIOLATED)
   I_SDRAM_TOP/I_SDRAM_IF/HFSBUF_35640_849/Y
                              32.000         32.819         -0.819  (VIOLATED)
   I_SDRAM_TOP/I_SDRAM_IF/HFSBUF_47800_1010/Y
                              32.000         32.809         -0.809  (VIOLATED)
   I_SDRAM_TOP/I_SDRAM_IF/HFSINV_110902_1218/Y
                              64.000         64.801         -0.801  (VIOLATED)
   I_SDRAM_TOP/I_SDRAM_IF/mega_shift_1_reg_11__0_/Q
                               8.000          8.801         -0.801  (VIOLATED)
   I_SDRAM_TOP/I_SDRAM_IF/mega_shift_0_reg_36__28_/Q
                               8.000          8.793         -0.793  (VIOLATED)
   I_SDRAM_TOP/I_SDRAM_IF/HFSINV_5328_1691/Y
                              32.000         32.784         -0.784  (VIOLATED)
   I_SDRAM_TOP/I_SDRAM_IF/ropt_mt_inst_54828/Y
                              16.000         16.782         -0.782  (VIOLATED)
   I_PCI_TOP/HFSINV_259_2070/Y
                              16.000         16.767         -0.767  (VIOLATED)
   I_BLENDER_0/ZBUF_263_inst_2182/Y
                              32.000         32.755         -0.755  (VIOLATED)
   I_SDRAM_TOP/I_SDRAM_IF/HFSINV_64412_870/Y
                              16.000         16.702         -0.702  (VIOLATED)
   I_SDRAM_TOP/I_SDRAM_IF/mega_shift_0_reg_10__15_/Q
                               8.000          8.695         -0.695  (VIOLATED)
   I_BLENDER_1/R_49/QN         8.000          8.691         -0.691  (VIOLATED)
   I_SDRAM_TOP/I_SDRAM_IF/HFSBUF_44377_822/Y
                              32.000         32.684         -0.684  (VIOLATED)
   I_SDRAM_TOP/I_SDRAM_IF/HFSINV_69114_1133/Y
                              32.000         32.675         -0.675  (VIOLATED)
   I_BLENDER_1/HFSBUF_908_2028/Y
                              32.000         32.656         -0.656  (VIOLATED)
   I_BLENDER_1/s2_op1_reg_14_/Q
                               8.000          8.654         -0.654  (VIOLATED)
   I_SDRAM_TOP/I_SDRAM_IF/HFSBUF_551_843/Y
                              16.000         16.650         -0.650  (VIOLATED)
   I_SDRAM_TOP/I_SDRAM_IF/HFSINV_24242_1673/Y
                              32.000         32.637         -0.637  (VIOLATED)
   I_BLENDER_1/result_reg_4_/Q
                               8.000          8.625         -0.625  (VIOLATED)
   I_BLENDER_0/ropt_mt_inst_54831/Y
                              16.000         16.604         -0.604  (VIOLATED)
   I_SDRAM_TOP/I_SDRAM_IF/HFSINV_10368_1048/Y
                              32.000         32.602         -0.602  (VIOLATED)
   I_SDRAM_TOP/I_SDRAM_IF/ZBUF_641_inst_54757/Y
                              32.000         32.600         -0.600  (VIOLATED)
   I_BLENDER_1/U394/Y         16.000         16.589         -0.589  (VIOLATED)
   I_PCI_TOP/I_PCI_CORE_mega_shift_reg_6__30_/QN
                               8.000          8.581         -0.581  (VIOLATED)
   I_BLENDER_0/s1_op2_reg_0_/Q
                               8.000          8.555         -0.555  (VIOLATED)
   I_BLENDER_0/U2410/Y        16.000         16.546         -0.546  (VIOLATED)
   I_PCI_TOP/I_PCI_CORE_mega_shift_reg_3__14_/Q
                              16.000         16.536         -0.536  (VIOLATED)
   I_PCI_TOP/I_PCI_CORE_mega_shift_reg_5__30_/QN
                               8.000          8.534         -0.534  (VIOLATED)
   I_BLENDER_0/mega_shift_reg_10__29_/Q
                               8.000          8.524         -0.524  (VIOLATED)
   I_SDRAM_TOP/I_SDRAM_IF/mega_shift_0_reg_25__26_/Q
                               8.000          8.502         -0.502  (VIOLATED)
   I_SDRAM_TOP/I_SDRAM_IF/HFSINV_3523_933/Y
                              32.000         32.499         -0.499  (VIOLATED)
   I_BLENDER_0/HFSINV_1108_1234/Y
                              32.000         32.497         -0.497  (VIOLATED)
   I_PCI_TOP/I_PCI_CORE_mega_shift_reg_1__0_/Q
                              16.000         16.488         -0.488  (VIOLATED)
   I_SDRAM_TOP/I_SDRAM_IF/ZBUF_324_inst_23326/Y
                              16.000         16.474         -0.474  (VIOLATED)
   HFSINV_460_325/Y           16.000         16.467         -0.467  (VIOLATED)
   I_BLENDER_0/s3_op1_reg_7_/QN
                              16.000         16.462         -0.462  (VIOLATED)
   I_SDRAM_TOP/I_SDRAM_IF/mega_shift_0_reg_37__25_/Q
                               8.000          8.455         -0.455  (VIOLATED)
   I_BLENDER_0/s1_op2_reg_2_/Q
                               8.000          8.454         -0.454  (VIOLATED)
   I_SDRAM_TOP/I_SDRAM_READ_FIFO_SD_FIFO_RAM_1/O2[9]
                              25.000         25.441         -0.441  (VIOLATED)
   I_SDRAM_TOP/I_SDRAM_IF/HFSINV_31168_826/Y
                              32.000         32.440         -0.440  (VIOLATED)
   I_SDRAM_TOP/I_SDRAM_IF/U312/Y
                              16.000         16.440         -0.440  (VIOLATED)
   I_SDRAM_TOP/I_SDRAM_IF/HFSBUF_39379_852/Y
                              16.000         16.439         -0.439  (VIOLATED)
   I_SDRAM_TOP/I_SDRAM_IF/HFSINV_11492_923/Y
                              32.000         32.436         -0.436  (VIOLATED)
   I_SDRAM_TOP/I_SDRAM_IF/HFSINV_67447_1547/Y
                              32.000         32.436         -0.436  (VIOLATED)
   I_BLENDER_0/U2475/Y         8.000          8.434         -0.434  (VIOLATED)
   I_PCI_TOP/HFSINV_484_1955/Y
                              16.000         16.419         -0.419  (VIOLATED)
   I_SDRAM_TOP/I_SDRAM_IF/HFSBUF_52681_890/Y
                              32.000         32.405         -0.405  (VIOLATED)
   I_SDRAM_TOP/I_SDRAM_IF/mega_shift_1_reg_6__5_/Q
                               8.000          8.401         -0.401  (VIOLATED)
   I_BLENDER_0/U8810/Y        16.000         16.389         -0.389  (VIOLATED)
   I_BLENDER_0/s3_op2_reg_30_/QN
                              16.000         16.384         -0.384  (VIOLATED)
   I_SDRAM_TOP/I_SDRAM_IF/HFSINV_83904_1561/Y
                              32.000         32.383         -0.383  (VIOLATED)
   I_SDRAM_TOP/I_SDRAM_IF/HFSINV_140428_1729/Y
                               8.000          8.382         -0.382  (VIOLATED)
   I_SDRAM_TOP/I_SDRAM_IF/mega_shift_1_reg_21__3_/Q
                               8.000          8.373         -0.373  (VIOLATED)
   I_PCI_TOP/I_PCI_CORE_mega_shift_reg_6__21_/QN
                              16.000         16.360         -0.360  (VIOLATED)
   I_RISC_CORE/U1354/Y        16.000         16.359         -0.359  (VIOLATED)
   I_BLENDER_0/R_118/Q        16.000         16.358         -0.358  (VIOLATED)
   I_PCI_TOP/I_PCI_CORE_mega_shift_reg_4__17_/QN
                               8.000          8.352         -0.352  (VIOLATED)
   I_BLENDER_0/s1_op1_reg_7_/Q
                               8.000          8.346         -0.346  (VIOLATED)
   I_SDRAM_TOP/I_SDRAM_IF/mega_shift_1_reg_21__7_/Q
                               8.000          8.342         -0.342  (VIOLATED)
   I_SDRAM_TOP/I_SDRAM_IF/mega_shift_1_reg_16__27_/Q
                               8.000          8.336         -0.336  (VIOLATED)
   pad_in[18]                 16.000         16.334         -0.334  (VIOLATED)
   I_PCI_TOP/I_PCI_CORE_mega_shift_reg_7__30_/QN
                               8.000          8.322         -0.322  (VIOLATED)
   I_SDRAM_TOP/I_SDRAM_IF/HFSINV_19049_1213/Y
                              32.000         32.316         -0.316  (VIOLATED)
   I_SDRAM_TOP/I_SDRAM_IF/HFSBUF_16958_945/Y
                              16.000         16.296         -0.296  (VIOLATED)
   I_BLENDER_0/U6425/Y         8.000          8.289         -0.289  (VIOLATED)
   I_BLENDER_1/s3_op1_reg_18_/Q
                              16.000         16.283         -0.283  (VIOLATED)
   I_PCI_TOP/U2782/Y          16.000         16.277         -0.277  (VIOLATED)
   I_BLENDER_1/s1_op1_reg_0_/Q
                               8.000          8.273         -0.273  (VIOLATED)
   I_SDRAM_TOP/I_SDRAM_IF/mega_shift_0_reg_17__19_/Q
                               8.000          8.265         -0.265  (VIOLATED)
   I_BLENDER_0/s3_op2_reg_7_/Q
                               8.000          8.264         -0.264  (VIOLATED)
   I_SDRAM_TOP/U66/Y           8.000          8.259         -0.259  (VIOLATED)
   I_SDRAM_TOP/I_SDRAM_IF/HFSINV_24362_932/Y
                              32.000         32.244         -0.244  (VIOLATED)
   I_BLENDER_0/s1_op2_reg_8_/Q
                               8.000          8.240         -0.240  (VIOLATED)
   I_SDRAM_TOP/I_SDRAM_IF/mega_shift_1_reg_33__25_/Q
                               8.000          8.235         -0.235  (VIOLATED)
   I_PCI_TOP/U6952/Y          16.000         16.233         -0.233  (VIOLATED)
   I_RISC_CORE/U1328/Y        16.000         16.233         -0.233  (VIOLATED)
   I_PCI_TOP/I_PCI_CORE_mega_shift_reg_7__0_/Q
                              16.000         16.220         -0.220  (VIOLATED)
   I_PCI_TOP/I_PCI_CORE_mega_shift_reg_7__4_/QN
                               8.000          8.217         -0.217  (VIOLATED)
   I_SDRAM_TOP/I_SDRAM_IF/mega_shift_0_reg_25__22_/Q
                               8.000          8.215         -0.215  (VIOLATED)
   I_PCI_TOP/I_PCI_CORE_mega_shift_reg_4__20_/QN
                              16.000         16.211         -0.211  (VIOLATED)
   I_BLENDER_1/s3_op2_reg_25_/Q
                              16.000         16.205         -0.205  (VIOLATED)
   I_BLENDER_1/U5023/Y         8.000          8.202         -0.202  (VIOLATED)
   I_BLENDER_0/U8625/Y         8.000          8.200         -0.200  (VIOLATED)
   I_RISC_CORE/ZINV_295_inst_2201/Y
                              16.000         16.191         -0.191  (VIOLATED)
   I_PCI_TOP/I_PCI_CORE_mega_shift_reg_4__2_/QN
                               8.000          8.190         -0.190  (VIOLATED)
   I_BLENDER_1/U5536/Y         8.000          8.182         -0.182  (VIOLATED)
   I_BLENDER_1/ZBUF_703_inst_54750/Y
                              32.000         32.181         -0.181  (VIOLATED)
   I_SDRAM_TOP/I_SDRAM_IF/mega_shift_1_reg_36__5_/Q
                               8.000          8.181         -0.181  (VIOLATED)
   I_PCI_TOP/HFSINV_189_2024/Y
                              16.000         16.178         -0.178  (VIOLATED)
   I_PCI_TOP/U7398/Y           8.000          8.177         -0.177  (VIOLATED)
   I_SDRAM_TOP/I_SDRAM_IF/HFSINV_91507_1694/Y
                              64.000         64.176         -0.176  (VIOLATED)
   I_SDRAM_TOP/I_SDRAM_IF/mega_shift_1_reg_16__11_/Q
                               8.000          8.175         -0.175  (VIOLATED)
   I_SDRAM_TOP/I_SDRAM_IF/HFSINV_4555_1062/Y
                              32.000         32.171         -0.171  (VIOLATED)
   I_BLENDER_0/U126/Y          8.000          8.165         -0.165  (VIOLATED)
   I_BLENDER_1/s1_op1_reg_1_/Q
                               8.000          8.163         -0.163  (VIOLATED)
   I_BLENDER_1/U351/Y          8.000          8.163         -0.163  (VIOLATED)
   I_BLENDER_1/U6643/Y        16.000         16.152         -0.152  (VIOLATED)
   I_BLENDER_1/result_reg_2_/Q
                               8.000          8.152         -0.152  (VIOLATED)
   I_SDRAM_TOP/I_SDRAM_IF/mega_shift_1_reg_25__17_/Q
                               8.000          8.149         -0.149  (VIOLATED)
   I_RISC_CORE/I_DATA_PATH_Oprnd_B_reg_2_/QN
                              16.000         16.147         -0.147  (VIOLATED)
   I_RISC_CORE/I_STACK_TOP_I_STACK_FSM_TOS_int_reg_1_/Q
                               8.000          8.142         -0.142  (VIOLATED)
   I_SDRAM_TOP/I_SDRAM_IF/U4204/Y
                               8.000          8.132         -0.132  (VIOLATED)
   I_BLENDER_0/U6539/Y         8.000          8.131         -0.131  (VIOLATED)
   I_BLENDER_1/HFSINV_102_605/Y
                              16.000         16.130         -0.130  (VIOLATED)
   I_BLENDER_0/U6449/Y        32.000         32.126         -0.126  (VIOLATED)
   I_CONTEXT_MEM/U249/Y       82.000         82.122         -0.122  (VIOLATED)
   I_PCI_TOP/U7420/Y           8.000          8.115         -0.115  (VIOLATED)
   I_SDRAM_TOP/I_SDRAM_IF/mega_shift_1_reg_40__5_/Q
                               8.000          8.111         -0.111  (VIOLATED)
   I_BLENDER_0/ropt_mt_inst_54819/Y
                              16.000         16.109         -0.109  (VIOLATED)
   I_BLENDER_1/U4418/Y         8.000          8.107         -0.107  (VIOLATED)
   I_RISC_CORE/U958/Y          8.000          8.107         -0.107  (VIOLATED)
   I_RISC_CORE/ZINV_186_inst_23866/Y
                               8.000          8.105         -0.105  (VIOLATED)
   I_BLENDER_1/R_38_IP/Q      16.000         16.093         -0.093  (VIOLATED)
   I_BLENDER_1/U9197/Y        32.000         32.090         -0.090  (VIOLATED)
   I_BLENDER_0/HFSINV_179_1237/Y
                              32.000         32.089         -0.089  (VIOLATED)
   I_BLENDER_0/U1518/Y         8.000          8.089         -0.089  (VIOLATED)
   I_BLENDER_0/U8844/Y         8.000          8.089         -0.089  (VIOLATED)
   I_BLENDER_1/s3_op1_reg_3_/QN
                               8.000          8.084         -0.084  (VIOLATED)
   I_BLENDER_0/s2_op1_reg_4_/QN
                              16.000         16.075         -0.075  (VIOLATED)
   I_BLENDER_1/rem_green_reg/Q
                               8.000          8.074         -0.074  (VIOLATED)
   I_SDRAM_TOP/sram_fixcell_72/Y
                              64.000         64.072         -0.072  (VIOLATED)
   I_SDRAM_TOP/I_SDRAM_IF/mega_shift_1_reg_25__21_/Q
                               8.000          8.072         -0.072  (VIOLATED)
   I_BLENDER_0/U1901/Y         8.000          8.060         -0.060  (VIOLATED)
   I_SDRAM_TOP/I_SDRAM_IF/U1678/Y
                               8.000          8.059         -0.059  (VIOLATED)
   I_SDRAM_TOP/HFSINV_60_14/Y
                              32.000         32.056         -0.056  (VIOLATED)
   OUT_VALID_UPF_LS/Y         16.000         16.050         -0.050  (VIOLATED)
   I_BLENDER_1/s1_op2_reg_14_/Q
                               8.000          8.048         -0.048  (VIOLATED)
   I_SDRAM_TOP/I_SDRAM_IF/U13008/Y
                               8.000          8.038         -0.038  (VIOLATED)
   I_SDRAM_TOP/I_SDRAM_IF/out_control_reg_3_/Q
                               8.000          8.037         -0.037  (VIOLATED)
   I_SDRAM_TOP/I_SDRAM_IF/ZBUF_650_inst_54751/Y
                              32.000         32.027         -0.027  (VIOLATED)
   I_PCI_TOP/I_PCI_CORE_pad_out_buf_reg_12_/Q
                               8.000          8.024         -0.024  (VIOLATED)
   I_BLENDER_0/U3014/Y         8.000          8.024         -0.024  (VIOLATED)
   I_SDRAM_TOP/I_SDRAM_IF/DQ_out_1_reg_16_/Q
                               8.000          8.020         -0.020  (VIOLATED)
   I_PCI_TOP/I_PCI_CORE_mega_shift_reg_3__2_/QN
                               8.000          8.010         -0.010  (VIOLATED)
   I_SDRAM_TOP/I_SDRAM_IF/mega_shift_0_reg_38__14_/Q
                               8.000          8.010         -0.010  (VIOLATED)
   I_RISC_CORE/U221/Y          8.000          8.008         -0.008  (VIOLATED)


   min_capacitance

                             Required        Actual
   Pin                      Capacitance    Capacitance       Slack
   -----------------------------------------------------------------
   I_RISC_CORE/I_REG_FILE_REG_FILE_B_RAM/O2[0]
                               0.100          0.011         -0.089  (VIOLATED)
   I_RISC_CORE/I_REG_FILE_REG_FILE_B_RAM/O2[1]
                               0.100          0.011         -0.089  (VIOLATED)
   I_RISC_CORE/I_REG_FILE_REG_FILE_B_RAM/O2[2]
                               0.100          0.011         -0.089  (VIOLATED)
   I_RISC_CORE/I_REG_FILE_REG_FILE_B_RAM/O2[3]
                               0.100          0.011         -0.089  (VIOLATED)
   I_RISC_CORE/I_REG_FILE_REG_FILE_B_RAM/O2[4]
                               0.100          0.011         -0.089  (VIOLATED)
   I_RISC_CORE/I_REG_FILE_REG_FILE_B_RAM/O2[5]
                               0.100          0.011         -0.089  (VIOLATED)
   I_RISC_CORE/I_REG_FILE_REG_FILE_B_RAM/O2[6]
                               0.100          0.011         -0.089  (VIOLATED)
   I_RISC_CORE/I_REG_FILE_REG_FILE_B_RAM/O2[7]
                               0.100          0.011         -0.089  (VIOLATED)
   I_RISC_CORE/I_REG_FILE_REG_FILE_D_RAM/O2[8]
                               0.100          0.011         -0.089  (VIOLATED)
   I_RISC_CORE/I_REG_FILE_REG_FILE_D_RAM/O2[9]
                               0.100          0.011         -0.089  (VIOLATED)
   I_RISC_CORE/I_REG_FILE_REG_FILE_D_RAM/O2[10]
                               0.100          0.011         -0.089  (VIOLATED)
   I_RISC_CORE/I_REG_FILE_REG_FILE_D_RAM/O2[11]
                               0.100          0.011         -0.089  (VIOLATED)
   I_RISC_CORE/I_REG_FILE_REG_FILE_D_RAM/O2[12]
                               0.100          0.011         -0.089  (VIOLATED)
   I_RISC_CORE/I_REG_FILE_REG_FILE_D_RAM/O2[13]
                               0.100          0.011         -0.089  (VIOLATED)
   I_RISC_CORE/I_REG_FILE_REG_FILE_D_RAM/O2[14]
                               0.100          0.011         -0.089  (VIOLATED)
   I_RISC_CORE/I_REG_FILE_REG_FILE_D_RAM/O2[15]
                               0.100          0.011         -0.089  (VIOLATED)


   max_transition

                             Required        Actual
   Pin                      Transition     Transition        Slack
   -----------------------------------------------------------------
   I_BLENDER_1/s1_op2_reg_27_/Q
                               0.046          0.063         -0.016  (VIOLATED)
   I_BLENDER_1/s1_op1_reg_18_/Q
                               0.046          0.049         -0.002  (VIOLATED)
   I_RISC_CORE/Instrn_0__UPF_LS/Y
                               0.041          0.042         -0.001  (VIOLATED)
   I_BLENDER_0/s1_op2_reg_0_/Q
                               0.046          0.047          0.000  (VIOLATED: increase significant digits)


1
