****************************************
Report : analysis_coverage
Design : ORCA_TOP
Version: O-2018.06
Date   : Sat May 27 23:49:38 2023
****************************************

Type of Check         Total              Met         Violated         Untested
--------------------------------------------------------------------------------
setup                 21955     11627 ( 53%)         4 (  0%)     10324 ( 47%)
hold                  21763         0 (  0%)         0 (  0%)     21763 (100%)
recovery               4336         8 (  0%)         0 (  0%)      4328 (100%)
removal                4336         0 (  0%)         0 (  0%)      4336 (100%)
min_pulse_width       24814     20485 ( 83%)         1 (  0%)      4328 ( 17%)
clock_gating_setup       64         7 ( 11%)         1 (  2%)        56 ( 88%)
clock_gating_hold        64         0 (  0%)         0 (  0%)        64 (100%)
out_setup               140        85 ( 61%)        31 ( 22%)        24 ( 17%)
out_hold                140         0 (  0%)         0 (  0%)       140 (100%)
--------------------------------------------------------------------------------
All Checks            77612     32212 ( 42%)        37 (  0%)     45363 ( 58%)

1
