****************************************
Report : analysis_coverage
Design : ORCA_TOP
Version: O-2018.06
Date   : Sat May 20 23:07:42 2023
****************************************

Type of Check         Total              Met         Violated         Untested
--------------------------------------------------------------------------------
setup                 16153         0 (  0%)         0 (  0%)     16153 (100%)
hold                  15993       852 (  5%)      4874 ( 30%)     10267 ( 64%)
recovery               4328         0 (  0%)         0 (  0%)      4328 (100%)
removal                4328      1976 ( 46%)      2009 ( 46%)       343 (  8%)
min_pulse_width       14620      4744 ( 32%)      5520 ( 38%)      4356 ( 30%)
clock_gating_setup       64         0 (  0%)         0 (  0%)        64 (100%)
clock_gating_hold        64         2 (  3%)        16 ( 25%)        46 ( 72%)
out_setup               134         0 (  0%)         0 (  0%)       134 (100%)
out_hold                134       110 ( 82%)         0 (  0%)        24 ( 18%)
--------------------------------------------------------------------------------
All Checks            55818      7684 ( 14%)     12419 ( 22%)     35715 ( 64%)

1
