****************************************
Report : analysis_coverage
Design : ORCA_TOP
Version: O-2018.06
Date   : Thu May 25 11:27:42 2023
****************************************

Type of Check         Total              Met         Violated         Untested
--------------------------------------------------------------------------------
setup                 16153         0 (  0%)         0 (  0%)     16153 (100%)
hold                  15993         0 (  0%)         0 (  0%)     15993 (100%)
recovery               4328         0 (  0%)         0 (  0%)      4328 (100%)
removal                4328         0 (  0%)         0 (  0%)      4328 (100%)
min_pulse_width       14620         0 (  0%)         0 (  0%)     14620 (100%)
clock_gating_setup       60         0 (  0%)         0 (  0%)        60 (100%)
clock_gating_hold        60         0 (  0%)         0 (  0%)        60 (100%)
--------------------------------------------------------------------------------
All Checks            55542         0 (  0%)         0 (  0%)     55542 (100%)

1
