****************************************
Report : qor
Design : ORCA_TOP
Version: O-2018.06
Date   : Fri May 26 23:06:59 2023
****************************************

  Timing Path Group '**async_default**' (min_delay/hold)
  ---------------------------------------------
  Levels of Logic:                            4
  Critical Path Length:                   0.500
  Critical Path Slack:                    0.084
  Total Negative Slack:                   0.000
  No. of Violating Paths:                     0
  ---------------------------------------------

  Timing Path Group '**clock_gating_default**' (min_delay/hold)
  ---------------------------------------------
  Levels of Logic:                            2
  Critical Path Length:                   0.419
  Critical Path Slack:                    0.179
  Total Negative Slack:                   0.000
  No. of Violating Paths:                     0
  ---------------------------------------------

  Timing Path Group 'PCI_CLK' (min_delay/hold)
  ---------------------------------------------
  Levels of Logic:                            1
  Critical Path Length:                   0.255
  Critical Path Slack:                    0.050
  Total Negative Slack:                   0.000
  No. of Violating Paths:                     0
  ---------------------------------------------

  Timing Path Group 'SDRAM_CLK' (min_delay/hold)
  ---------------------------------------------
  Levels of Logic:                            2
  Critical Path Length:                   0.211
  Critical Path Slack:                   -0.006
  Total Negative Slack:                  -0.072
  No. of Violating Paths:                    18
  ---------------------------------------------

  Timing Path Group 'SD_DDR_CLK' (min_delay/hold)
  ---------------------------------------------
  Levels of Logic:                            5
  Critical Path Length:                   0.153
  Critical Path Slack:                    0.076
  Total Negative Slack:                   0.000
  No. of Violating Paths:                     0
  ---------------------------------------------

  Timing Path Group 'SYS_2x_CLK' (min_delay/hold)
  ---------------------------------------------
  Levels of Logic:                            2
  Critical Path Length:                   0.414
  Critical Path Slack:                    0.052
  Total Negative Slack:                   0.000
  No. of Violating Paths:                     0
  ---------------------------------------------

  Timing Path Group 'SYS_CLK' (min_delay/hold)
  ---------------------------------------------
  Levels of Logic:                            2
  Critical Path Length:                   0.364
  Critical Path Slack:                    0.038
  Total Negative Slack:                   0.000
  No. of Violating Paths:                     0
  ---------------------------------------------

  Timing Path Group 'v_PCI_CLK' (min_delay/hold)
  ---------------------------------------------
  Levels of Logic:                            2
  Critical Path Length:                   0.357
  Critical Path Slack:                    0.007
  Total Negative Slack:                   0.000
  No. of Violating Paths:                     0
  ---------------------------------------------

  Cell Count
  ---------------------------------------------
  Hierarchical Cell Count:                   63
  Hierarchical Port Count:                 3355
  Leaf Cell Count:                        45912
  ---------------------------------------------


  Area
  ---------------------------------------------
  Net Interconnect area:              67857.641
  Total cell area:                   383476.438
  Design Area:                       451334.062
  ---------------------------------------------


  Design Rule Violations
  ---------------------------------------------
  Total No. of Pins in Design:           185479
  max_capacitance Count:                    237
  min_capacitance Count:                     16
  max_transition Count:                       5
  max_capacitance Cost:                -421.000
  min_capacitance Cost:                  -1.424
  max_transition Cost:                   -0.026
  Total DRC Cost:                      -422.450
  ---------------------------------------------

1
